Component: Arm Compiler for Embedded 6.21 Tool: armlink [5ec1fa00]

==============================================================================

Section Cross References

    startup_stm32f407xx.o(RESET) refers to startup_stm32f407xx.o(STACK) for __initial_sp
    startup_stm32f407xx.o(RESET) refers to startup_stm32f407xx.o(.text) for Reset_Handler
    startup_stm32f407xx.o(RESET) refers to stm32f4xx_it.o(.text.NMI_Handler) for NMI_Handler
    startup_stm32f407xx.o(RESET) refers to stm32f4xx_it.o(.text.HardFault_Handler) for HardFault_Handler
    startup_stm32f407xx.o(RESET) refers to stm32f4xx_it.o(.text.MemManage_Handler) for MemManage_Handler
    startup_stm32f407xx.o(RESET) refers to stm32f4xx_it.o(.text.BusFault_Handler) for BusFault_Handler
    startup_stm32f407xx.o(RESET) refers to stm32f4xx_it.o(.text.UsageFault_Handler) for UsageFault_Handler
    startup_stm32f407xx.o(RESET) refers to port.o(.text.SVC_Handler) for SVC_Handler
    startup_stm32f407xx.o(RESET) refers to stm32f4xx_it.o(.text.DebugMon_Handler) for DebugMon_Handler
    startup_stm32f407xx.o(RESET) refers to port.o(.text.PendSV_Handler) for PendSV_Handler
    startup_stm32f407xx.o(RESET) refers to cmsis_os2.o(.text.SysTick_Handler) for SysTick_Handler
    startup_stm32f407xx.o(RESET) refers to stm32f4xx_it.o(.text.TIM1_UP_TIM10_IRQHandler) for TIM1_UP_TIM10_IRQHandler
    startup_stm32f407xx.o(RESET) refers to stm32f4xx_it.o(.text.USART1_IRQHandler) for USART1_IRQHandler
    startup_stm32f407xx.o(.text) refers to system_stm32f4xx.o(.text.SystemInit) for SystemInit
    startup_stm32f407xx.o(.text) refers to entry.o(.ARM.Collect$$$$00000000) for __main
    main.o(.text.main) refers to stm32f4xx_hal.o(.text.HAL_Init) for HAL_Init
    main.o(.text.main) refers to main.o(.text.SystemClock_Config) for SystemClock_Config
    main.o(.text.main) refers to gpio.o(.text.MX_GPIO_Init) for MX_GPIO_Init
    main.o(.text.main) refers to usart.o(.text.MX_USART1_UART_Init) for MX_USART1_UART_Init
    main.o(.text.main) refers to tim.o(.text.MX_TIM2_Init) for MX_TIM2_Init
    main.o(.text.main) refers to tim.o(.bss.htim2) for htim2
    main.o(.text.main) refers to stm32f4xx_hal_tim.o(.text.HAL_TIM_PWM_Start) for HAL_TIM_PWM_Start
    main.o(.text.main) refers to cmsis_os2.o(.text.osKernelInitialize) for osKernelInitialize
    main.o(.text.main) refers to freertos.o(.text.MX_FREERTOS_Init) for MX_FREERTOS_Init
    main.o(.text.main) refers to cmsis_os2.o(.text.osKernelStart) for osKernelStart
    main.o(.ARM.exidx.text.main) refers to main.o(.text.main) for [Anonymous Symbol]
    main.o(.text.SystemClock_Config) refers to stm32f4xx_hal_rcc.o(.text.HAL_RCC_OscConfig) for HAL_RCC_OscConfig
    main.o(.text.SystemClock_Config) refers to stm32f4xx_hal_rcc.o(.text.HAL_RCC_ClockConfig) for HAL_RCC_ClockConfig
    main.o(.ARM.exidx.text.SystemClock_Config) refers to main.o(.text.SystemClock_Config) for [Anonymous Symbol]
    main.o(.ARM.exidx.text.Error_Handler) refers to main.o(.text.Error_Handler) for [Anonymous Symbol]
    main.o(.text.HAL_TIM_PeriodElapsedCallback) refers to stm32f4xx_hal.o(.text.HAL_IncTick) for HAL_IncTick
    main.o(.ARM.exidx.text.HAL_TIM_PeriodElapsedCallback) refers to main.o(.text.HAL_TIM_PeriodElapsedCallback) for [Anonymous Symbol]
    gpio.o(.text.MX_GPIO_Init) refers to stm32f4xx_hal_gpio.o(.text.HAL_GPIO_WritePin) for HAL_GPIO_WritePin
    gpio.o(.text.MX_GPIO_Init) refers to stm32f4xx_hal_gpio.o(.text.HAL_GPIO_Init) for HAL_GPIO_Init
    gpio.o(.ARM.exidx.text.MX_GPIO_Init) refers to gpio.o(.text.MX_GPIO_Init) for [Anonymous Symbol]
    freertos.o(.text.MX_FREERTOS_Init) refers to freertos.o(.text.StartDefaultTask) for StartDefaultTask
    freertos.o(.text.MX_FREERTOS_Init) refers to freertos.o(.rodata.defaultTask_attributes) for defaultTask_attributes
    freertos.o(.text.MX_FREERTOS_Init) refers to cmsis_os2.o(.text.osThreadNew) for osThreadNew
    freertos.o(.text.MX_FREERTOS_Init) refers to freertos.o(.bss..L_MergedGlobals) for .L_MergedGlobals
    freertos.o(.text.MX_FREERTOS_Init) refers to freertos.o(.text.SendTask) for SendTask
    freertos.o(.text.MX_FREERTOS_Init) refers to freertos.o(.rodata.Send_attributes) for Send_attributes
    freertos.o(.text.MX_FREERTOS_Init) refers to freertos.o(.text.ReceiveTask) for ReceiveTask
    freertos.o(.text.MX_FREERTOS_Init) refers to freertos.o(.rodata.Receive_attributes) for Receive_attributes
    freertos.o(.text.MX_FREERTOS_Init) refers to freertos.o(.rodata.Sending_attributes) for Sending_attributes
    freertos.o(.text.MX_FREERTOS_Init) refers to cmsis_os2.o(.text.osEventFlagsNew) for osEventFlagsNew
    freertos.o(.text.MX_FREERTOS_Init) refers to freertos.o(.rodata.Receiving_attributes) for Receiving_attributes
    freertos.o(.ARM.exidx.text.MX_FREERTOS_Init) refers to freertos.o(.text.MX_FREERTOS_Init) for [Anonymous Symbol]
    freertos.o(.text.StartDefaultTask) refers to printf1.o(i.__0printf$1) for __2printf
[...]
    ../clib/microlib/init/entry.s            0x00000000   Number         0  entry11a.o ABSOLUTE
    ../clib/microlib/init/entry.s            0x00000000   Number         0  entry11b.o ABSOLUTE
    ../clib/microlib/longlong.c              0x00000000   Number         0  llshl.o ABSOLUTE
    ../clib/microlib/longlong.c              0x00000000   Number         0  llushr.o ABSOLUTE
    ../clib/microlib/longlong.c              0x00000000   Number         0  llsshr.o ABSOLUTE
    ../clib/microlib/printf/printf.c         0x00000000   Number         0  printfb.o ABSOLUTE
    ../clib/microlib/printf/printf.c         0x00000000   Number         0  printf0.o ABSOLUTE
    ../clib/microlib/printf/printf.c         0x00000000   Number         0  printf1.o ABSOLUTE
    ../clib/microlib/printf/printf.c         0x00000000   Number         0  printf2.o ABSOLUTE
    ../clib/microlib/printf/printf.c         0x00000000   Number         0  printf3.o ABSOLUTE
    ../clib/microlib/printf/printf.c         0x00000000   Number         0  printf4.o ABSOLUTE
    ../clib/microlib/printf/printf.c         0x00000000   Number         0  printf5.o ABSOLUTE
    ../clib/microlib/printf/printf.c         0x00000000   Number         0  printf6.o ABSOLUTE
    ../clib/microlib/printf/printf.c         0x00000000   Number         0  printf7.o ABSOLUTE
    ../clib/microlib/printf/printf.c         0x00000000   Number         0  printf8.o ABSOLUTE
    ../clib/microlib/printf/printf.c         0x00000000   Number         0  printfa.o ABSOLUTE
    ../clib/microlib/printf/stubs.s          0x00000000   Number         0  printfstubs.o ABSOLUTE
    ../clib/microlib/stdio/streams.c         0x00000000   Number         0  stdout.o ABSOLUTE
    ../clib/microlib/string/memcpy.c         0x00000000   Number         0  memcpya.o ABSOLUTE
    ../clib/microlib/string/memcpy.c         0x00000000   Number         0  memcpyb.o ABSOLUTE
    ../clib/microlib/string/memset.c         0x00000000   Number         0  memseta.o ABSOLUTE
    ../clib/microlib/stubs.s                 0x00000000   Number         0  iusefp.o ABSOLUTE
    ../fplib/microlib/fpadd.c                0x00000000   Number         0  dadd.o ABSOLUTE
    ../fplib/microlib/fpdiv.c                0x00000000   Number         0  ddiv.o ABSOLUTE
    ../fplib/microlib/fpepilogue.c           0x00000000   Number         0  depilogue.o ABSOLUTE
    ../fplib/microlib/fpfix.c                0x00000000   Number         0  dfixul.o ABSOLUTE
    ../fplib/microlib/fpmul.c                0x00000000   Number         0  dmul.o ABSOLUTE
    cdrcmple.s                               0x00000000   Number         0  cdrcmple.o ABSOLUTE
    cmsis_os2.c                              0x00000000   Number         0  cmsis_os2.o ABSOLUTE
    croutine.c                               0x00000000   Number         0  croutine.o ABSOLUTE
    dc.s                                     0x00000000   Number         0  dc.o ABSOLUTE
    event_groups.c                           0x00000000   Number         0  event_groups.o ABSOLUTE
    freertos.c                               0x00000000   Number         0  freertos.o ABSOLUTE
    gpio.c                                   0x00000000   Number         0  gpio.o ABSOLUTE
    handlers.s                               0x00000000   Number         0  handlers.o ABSOLUTE
    heap_4.c                                 0x00000000   Number         0  heap_4.o ABSOLUTE
    init.s                                   0x00000000   Number         0  init.o ABSOLUTE
    list.c                                   0x00000000   Number         0  list.o ABSOLUTE
    main.c                                   0x00000000   Number         0  main.o ABSOLUTE
    port.c                                   0x00000000   Number         0  port.o ABSOLUTE
    queue.c                                  0x00000000   Number         0  queue.o ABSOLUTE
    startup_stm32f407xx.s                    0x00000000   Number         0  startup_stm32f407xx.o ABSOLUTE
    stm32f4xx_hal.c                          0x00000000   Number         0  stm32f4xx_hal.o ABSOLUTE
    stm32f4xx_hal_cortex.c                   0x00000000   Number         0  stm32f4xx_hal_cortex.o ABSOLUTE
    stm32f4xx_hal_dma.c                      0x00000000   Number         0  stm32f4xx_hal_dma.o ABSOLUTE
    stm32f4xx_hal_dma_ex.c                   0x00000000   Number         0  stm32f4xx_hal_dma_ex.o ABSOLUTE
    stm32f4xx_hal_exti.c                     0x00000000   Number         0  stm32f4xx_hal_exti.o ABSOLUTE
    stm32f4xx_hal_flash.c                    0x00000000   Number         0  stm32f4xx_hal_flash.o ABSOLUTE
    stm32f4xx_hal_flash_ex.c                 0x00000000   Number         0  stm32f4xx_hal_flash_ex.o ABSOLUTE
    stm32f4xx_hal_flash_ramfunc.c            0x00000000   Number         0  stm32f4xx_hal_flash_ramfunc.o ABSOLUTE
    stm32f4xx_hal_gpio.c                     0x00000000   Number         0  stm32f4xx_hal_gpio.o ABSOLUTE
    stm32f4xx_hal_msp.c                      0x00000000   Number         0  stm32f4xx_hal_msp.o ABSOLUTE
    stm32f4xx_hal_pwr.c                      0x00000000   Number         0  stm32f4xx_hal_pwr.o ABSOLUTE
    stm32f4xx_hal_pwr_ex.c                   0x00000000   Number         0  stm32f4xx_hal_pwr_ex.o ABSOLUTE
    stm32f4xx_hal_rcc.c                      0x00000000   Number         0  stm32f4xx_hal_rcc.o ABSOLUTE
    stm32f4xx_hal_rcc_ex.c                   0x00000000   Number         0  stm32f4xx_hal_rcc_ex.o ABSOLUTE
    stm32f4xx_hal_tim.c                      0x00000000   Number         0  stm32f4xx_hal_tim.o ABSOLUTE
    stm32f4xx_hal_tim_ex.c                   0x00000000   Number         0  stm32f4xx_hal_tim_ex.o ABSOLUTE
    stm32f4xx_hal_timebase_tim.c             0x00000000   Number         0  stm32f4xx_hal_timebase_tim.o ABSOLUTE
    stm32f4xx_hal_uart.c                     0x00000000   Number         0  stm32f4xx_hal_uart.o ABSOLUTE
    stm32f4xx_it.c                           0x00000000   Number         0  stm32f4xx_it.o ABSOLUTE
    stream_buffer.c                          0x00000000   Number         0  stream_buffer.o ABSOLUTE
    system_stm32f4xx.c                       0x00000000   Number         0  system_stm32f4xx.o ABSOLUTE
    tasks.c                                  0x00000000   Number         0  tasks.o ABSOLUTE
    tim.c                                    0x00000000   Number         0  tim.o ABSOLUTE
    timers.c                                 0x00000000   Number         0  timers.o ABSOLUTE
    usart.c                                  0x00000000   Number         0  usart.o ABSOLUTE
    RESET                                    0x08000000   Section      392  startup_stm32f407xx.o(RESET)
    .ARM.Collect$$$$00000000                 0x08000188   Section        0  entry.o(.ARM.Collect$$$$00000000)
    .ARM.Collect$$$$00000001                 0x08000188   Section        4  entry2.o(.ARM.Collect$$$$00000001)
    .ARM.Collect$$$$00000004                 0x0800018c   Section        4  entry5.o(.ARM.Collect$$$$00000004)
    .ARM.Collect$$$$00000008                 0x08000190   Section        0  entry7b.o(.ARM.Collect$$$$00000008)
    .ARM.Collect$$$$0000000A                 0x08000190   Section        0  entry8b.o(.ARM.Collect$$$$0000000A)
    .ARM.Collect$$$$0000000B                 0x08000190   Section        8  entry9a.o(.ARM.Collect$$$$0000000B)
    __lit__00000000                          0x08000198   Data           4  entry2.o(.ARM.Collect$$$$00002712)
    .ARM.Collect$$$$0000000D                 0x08000198   Section        0  entry10a.o(.ARM.Collect$$$$0000000D)
    .ARM.Collect$$$$0000000F                 0x08000198   Section        0  entry11a.o(.ARM.Collect$$$$0000000F)
    .ARM.Collect$$$$00002712                 0x08000198   Section        4  entry2.o(.ARM.Collect$$$$00002712)
    $v0                                      0x0800019c   Number         0  startup_stm32f407xx.o(.text)
    .text                                    0x0800019c   Section       36  startup_stm32f407xx.o(.text)
    .text                                    0x080001c0   Section        0  uldiv.o(.text)
    .text                                    0x08000222   Section        0  memcpya.o(.text)
    .text                                    0x08000246   Section        0  memseta.o(.text)
    .text                                    0x0800026a   Section        0  uidiv.o(.text)
    .text                                    0x08000296   Section        0  llshl.o(.text)
    .text                                    0x080002b4   Section        0  llushr.o(.text)
    .text                                    0x080002d4   Section       48  init.o(.text)
    [Anonymous Symbol]                       0x08000304   Section        0  stm32f4xx_it.o(.text.BusFault_Handler)
    [Anonymous Symbol]                       0x08000308   Section        0  stm32f4xx_it.o(.text.DebugMon_Handler)
    [Anonymous Symbol]                       0x0800030c   Section        0  main.o(.text.Error_Handler)
    [Anonymous Symbol]                       0x08000314   Section        0  stm32f4xx_hal_dma.o(.text.HAL_DMA_Abort)
    [Anonymous Symbol]                       0x080003a4   Section        0  stm32f4xx_hal_dma.o(.text.HAL_DMA_Abort_IT)
    [Anonymous Symbol]                       0x080003c8   Section        0  stm32f4xx_hal_gpio.o(.text.HAL_GPIO_Init)
    [Anonymous Symbol]                       0x08000568   Section        0  stm32f4xx_hal_gpio.o(.text.HAL_GPIO_WritePin)
    [Anonymous Symbol]                       0x08000574   Section        0  stm32f4xx_hal.o(.text.HAL_GetTick)
    [Anonymous Symbol]                       0x08000580   Section        0  stm32f4xx_hal.o(.text.HAL_IncTick)
    [Anonymous Symbol]                       0x0800059c   Section        0  stm32f4xx_hal.o(.text.HAL_Init)
    [Anonymous Symbol]                       0x080005d4   Section        0  stm32f4xx_hal_timebase_tim.o(.text.HAL_InitTick)
    [Anonymous Symbol]                       0x08000684   Section        0  stm32f4xx_hal_msp.o(.text.HAL_MspInit)
    [Anonymous Symbol]                       0x080006c8   Section        0  stm32f4xx_hal_cortex.o(.text.HAL_NVIC_EnableIRQ)
    [Anonymous Symbol]                       0x080006ec   Section        0  stm32f4xx_hal_cortex.o(.text.HAL_NVIC_SetPriority)
    [Anonymous Symbol]                       0x08000744   Section        0  stm32f4xx_hal_cortex.o(.text.HAL_NVIC_SetPriorityGrouping)
    [Anonymous Symbol]                       0x08000764   Section        0  stm32f4xx_hal_rcc.o(.text.HAL_RCC_ClockConfig)
    [Anonymous Symbol]                       0x080008c8   Section        0  stm32f4xx_hal_rcc.o(.text.HAL_RCC_GetClockConfig)
    [Anonymous Symbol]                       0x08000908   Section        0  stm32f4xx_hal_rcc.o(.text.HAL_RCC_GetPCLK1Freq)
    [Anonymous Symbol]                       0x08000930   Section        0  stm32f4xx_hal_rcc.o(.text.HAL_RCC_GetPCLK2Freq)
    [Anonymous Symbol]                       0x08000958   Section        0  stm32f4xx_hal_rcc.o(.text.HAL_RCC_GetSysClockFreq)
    [Anonymous Symbol]                       0x080009c4   Section        0  stm32f4xx_hal_rcc.o(.text.HAL_RCC_OscConfig)
    [Anonymous Symbol]                       0x08000d74   Section        0  stm32f4xx_hal_tim_ex.o(.text.HAL_TIMEx_BreakCallback)
    [Anonymous Symbol]                       0x08000d78   Section        0  stm32f4xx_hal_tim_ex.o(.text.HAL_TIMEx_CommutCallback)
    [Anonymous Symbol]                       0x08000d7c   Section        0  stm32f4xx_hal_tim_ex.o(.text.HAL_TIMEx_MasterConfigSynchronization)
    [Anonymous Symbol]                       0x08000e38   Section        0  stm32f4xx_hal_tim.o(.text.HAL_TIM_Base_Init)
    [Anonymous Symbol]                       0x08000e94   Section        0  stm32f4xx_hal_tim.o(.text.HAL_TIM_Base_MspInit)
    [Anonymous Symbol]                       0x08000e98   Section        0  stm32f4xx_hal_tim.o(.text.HAL_TIM_Base_Start_IT)
    [Anonymous Symbol]                       0x08000f44   Section        0  stm32f4xx_hal_tim.o(.text.HAL_TIM_IC_CaptureCallback)
    [Anonymous Symbol]                       0x08000f48   Section        0  stm32f4xx_hal_tim.o(.text.HAL_TIM_IRQHandler)
    [Anonymous Symbol]                       0x08001098   Section        0  stm32f4xx_hal_tim.o(.text.HAL_TIM_OC_DelayElapsedCallback)
    [Anonymous Symbol]                       0x0800109c   Section        0  stm32f4xx_hal_tim.o(.text.HAL_TIM_PWM_ConfigChannel)
    [Anonymous Symbol]                       0x080012c0   Section        0  stm32f4xx_hal_tim.o(.text.HAL_TIM_PWM_Init)
    [Anonymous Symbol]                       0x0800131c   Section        0  tim.o(.text.HAL_TIM_PWM_MspInit)
    [Anonymous Symbol]                       0x0800134c   Section        0  stm32f4xx_hal_tim.o(.text.HAL_TIM_PWM_PulseFinishedCallback)
    [Anonymous Symbol]                       0x08001350   Section        0  stm32f4xx_hal_tim.o(.text.HAL_TIM_PWM_Start)
    [Anonymous Symbol]                       0x08001470   Section        0  main.o(.text.HAL_TIM_PeriodElapsedCallback)
    [Anonymous Symbol]                       0x08001484   Section        0  stm32f4xx_hal_tim.o(.text.HAL_TIM_TriggerCallback)
    [Anonymous Symbol]                       0x08001488   Section        0  stm32f4xx_hal_uart.o(.text.HAL_UARTEx_RxEventCallback)
    [Anonymous Symbol]                       0x0800148c   Section        0  stm32f4xx_hal_uart.o(.text.HAL_UART_ErrorCallback)
    [Anonymous Symbol]                       0x08001490   Section        0  stm32f4xx_hal_uart.o(.text.HAL_UART_IRQHandler)
    [Anonymous Symbol]                       0x08001a00   Section        0  stm32f4xx_hal_uart.o(.text.HAL_UART_Init)
    [Anonymous Symbol]                       0x08001a60   Section        0  usart.o(.text.HAL_UART_MspInit)
    [Anonymous Symbol]                       0x08001adc   Section        0  stm32f4xx_hal_uart.o(.text.HAL_UART_RxCpltCallback)
    [Anonymous Symbol]                       0x08001ae0   Section        0  stm32f4xx_hal_uart.o(.text.HAL_UART_Transmit)
    [Anonymous Symbol]                       0x08001c58   Section        0  stm32f4xx_hal_uart.o(.text.HAL_UART_TxCpltCallback)
    [Anonymous Symbol]                       0x08001c5c   Section        0  stm32f4xx_it.o(.text.HardFault_Handler)
    [Anonymous Symbol]                       0x08001c60   Section        0  freertos.o(.text.MX_FREERTOS_Init)
    [Anonymous Symbol]                       0x08001cd0   Section        0  gpio.o(.text.MX_GPIO_Init)
    [Anonymous Symbol]                       0x08001d5c   Section        0  tim.o(.text.MX_TIM2_Init)
    [Anonymous Symbol]                       0x08001e20   Section        0  usart.o(.text.MX_USART1_UART_Init)
    [Anonymous Symbol]                       0x08001e5c   Section        0  stm32f4xx_it.o(.text.MemManage_Handler)
    [Anonymous Symbol]                       0x08001e60   Section        0  stm32f4xx_it.o(.text.NMI_Handler)
    [Anonymous Symbol]                       0x08001e70   Section        0  port.o(.text.PendSV_Handler)
    pxCurrentTCBConst                        0x08001ed0   Number         0  port.o(.text.PendSV_Handler)
    [Anonymous Symbol]                       0x08001ed4   Section        0  freertos.o(.text.ReceiveTask)
    [Anonymous Symbol]                       0x08001f30   Section        0  port.o(.text.SVC_Handler)
    pxCurrentTCBConst2                       0x08001f50   Number         0  port.o(.text.SVC_Handler)
    [Anonymous Symbol]                       0x08001f54   Section        0  freertos.o(.text.SendTask)
    [Anonymous Symbol]                       0x08001fa4   Section        0  freertos.o(.text.StartDefaultTask)
    [Anonymous Symbol]                       0x08001fcc   Section        0  cmsis_os2.o(.text.SysTick_Handler)
    [Anonymous Symbol]                       0x08001fec   Section        0  main.o(.text.SystemClock_Config)
    [Anonymous Symbol]                       0x08002090   Section        0  system_stm32f4xx.o(.text.SystemInit)
    [Anonymous Symbol]                       0x080020a4   Section        0  stm32f4xx_it.o(.text.TIM1_UP_TIM10_IRQHandler)
    [Anonymous Symbol]                       0x080020b0   Section        0  stm32f4xx_hal_tim.o(.text.TIM_Base_SetConfig)
    UART_DMAAbortOnError                     0x080021fd   Thumb Code    12  stm32f4xx_hal_uart.o(.text.UART_DMAAbortOnError)
    [Anonymous Symbol]                       0x080021fc   Section        0  stm32f4xx_hal_uart.o(.text.UART_DMAAbortOnError)
    UART_Receive_IT                          0x08002209   Thumb Code   254  stm32f4xx_hal_uart.o(.text.UART_Receive_IT)
    [Anonymous Symbol]                       0x08002208   Section        0  stm32f4xx_hal_uart.o(.text.UART_Receive_IT)
    UART_SetConfig                           0x08002309   Thumb Code   238  stm32f4xx_hal_uart.o(.text.UART_SetConfig)
    [Anonymous Symbol]                       0x08002308   Section        0  stm32f4xx_hal_uart.o(.text.UART_SetConfig)
    [Anonymous Symbol]                       0x080023f8   Section        0  stm32f4xx_it.o(.text.USART1_IRQHandler)
    [Anonymous Symbol]                       0x08002404   Section        0  stm32f4xx_it.o(.text.UsageFault_Handler)
    [Anonymous Symbol]                       0x08002408   Section        0  usart.o(.text.fputc)
    [Anonymous Symbol]                       0x08002428   Section        0  main.o(.text.main)
    [Anonymous Symbol]                       0x0800245c   Section        0  cmsis_os2.o(.text.osDelay)
    [Anonymous Symbol]                       0x0800247c   Section        0  cmsis_os2.o(.text.osEventFlagsNew)
    [Anonymous Symbol]                       0x080024a4   Section        0  cmsis_os2.o(.text.osKernelInitialize)
    [Anonymous Symbol]                       0x080024cc   Section        0  cmsis_os2.o(.text.osKernelStart)
    [Anonymous Symbol]                       0x08002508   Section        0  cmsis_os2.o(.text.osThreadNew)
    prvAddNewTaskToReadyList                 0x080025a5   Thumb Code   650  tasks.o(.text.prvAddNewTaskToReadyList)
    [Anonymous Symbol]                       0x080025a4   Section        0  tasks.o(.text.prvAddNewTaskToReadyList)
    prvIdleTask                              0x08002831   Thumb Code   134  tasks.o(.text.prvIdleTask)
    [Anonymous Symbol]                       0x08002830   Section        0  tasks.o(.text.prvIdleTask)
    prvInitialiseNewTask                     0x080028b9   Thumb Code   296  tasks.o(.text.prvInitialiseNewTask)
    [Anonymous Symbol]                       0x080028b8   Section        0  tasks.o(.text.prvInitialiseNewTask)
    prvPortStartFirstTask                    0x080029e1   Thumb Code    34  port.o(.text.prvPortStartFirstTask)
    [Anonymous Symbol]                       0x080029e0   Section        0  port.o(.text.prvPortStartFirstTask)
    prvTaskExitError                         0x08002a09   Thumb Code    62  port.o(.text.prvTaskExitError)
    [Anonymous Symbol]                       0x08002a08   Section        0  port.o(.text.prvTaskExitError)
    prvTimerTask                             0x08002a49   Thumb Code   906  timers.o(.text.prvTimerTask)
    [Anonymous Symbol]                       0x08002a48   Section        0  timers.o(.text.prvTimerTask)
    prvUnlockQueue                           0x08002dd5   Thumb Code   116  queue.o(.text.prvUnlockQueue)
    [Anonymous Symbol]                       0x08002dd4   Section        0  queue.o(.text.prvUnlockQueue)
    [Anonymous Symbol]                       0x08002e48   Section        0  heap_4.o(.text.pvPortMalloc)
    [Anonymous Symbol]                       0x0800303c   Section        0  port.o(.text.pxPortInitialiseStack)
    [Anonymous Symbol]                       0x08003060   Section        0  list.o(.text.uxListRemove)
    [Anonymous Symbol]                       0x08003084   Section        0  cmsis_os2.o(.text.vApplicationGetIdleTaskMemory)
    [Anonymous Symbol]                       0x080030a0   Section        0  cmsis_os2.o(.text.vApplicationGetTimerTaskMemory)
    [Anonymous Symbol]                       0x080030bc   Section        0  list.o(.text.vListInitialise)
    [Anonymous Symbol]                       0x080030d4   Section        0  list.o(.text.vListInitialiseItem)
    [Anonymous Symbol]                       0x080030dc   Section        0  list.o(.text.vListInsert)
    [Anonymous Symbol]                       0x08003140   Section        0  list.o(.text.vListInsertEnd)
    vPortEnableVFP                           0x0800315d   Thumb Code    14  port.o(.text.vPortEnableVFP)
    [Anonymous Symbol]                       0x0800315c   Section        0  port.o(.text.vPortEnableVFP)
    [Anonymous Symbol]                       0x08003170   Section        0  port.o(.text.vPortEnterCritical)
    [Anonymous Symbol]                       0x080031b8   Section        0  port.o(.text.vPortExitCritical)
    [Anonymous Symbol]                       0x080031e8   Section        0  heap_4.o(.text.vPortFree)
    [Anonymous Symbol]                       0x080032bc   Section        0  port.o(.text.vPortSetupTimerInterrupt)
    [Anonymous Symbol]                       0x080032f0   Section        0  queue.o(.text.vQueueAddToRegistry)
    [Anonymous Symbol]                       0x080033a0   Section        0  queue.o(.text.vQueueWaitForMessageRestricted)
    [Anonymous Symbol]                       0x080033f4   Section        0  tasks.o(.text.vTaskDelay)
    [Anonymous Symbol]                       0x08003474   Section        0  tasks.o(.text.vTaskInternalSetTimeOutState)
    [Anonymous Symbol]                       0x08003488   Section        0  tasks.o(.text.vTaskMissedYield)
    [Anonymous Symbol]                       0x08003498   Section        0  tasks.o(.text.vTaskPlaceOnEventList)
    [Anonymous Symbol]                       0x0800350c   Section        0  tasks.o(.text.vTaskPlaceOnEventListRestricted)
    [Anonymous Symbol]                       0x08003588   Section        0  tasks.o(.text.vTaskStartScheduler)
    [Anonymous Symbol]                       0x08003678   Section        0  tasks.o(.text.vTaskSuspendAll)
    [Anonymous Symbol]                       0x08003688   Section        0  tasks.o(.text.vTaskSwitchContext)
    [Anonymous Symbol]                       0x08003744   Section        0  event_groups.o(.text.xEventGroupCreate)
    [Anonymous Symbol]                       0x08003760   Section        0  event_groups.o(.text.xEventGroupCreateStatic)
    [Anonymous Symbol]                       0x080037b0   Section        0  port.o(.text.xPortStartScheduler)
    [Anonymous Symbol]                       0x08003938   Section        0  port.o(.text.xPortSysTickHandler)
    [Anonymous Symbol]                       0x08003968   Section        0  queue.o(.text.xQueueGenericCreateStatic)
    [Anonymous Symbol]                       0x08003a48   Section        0  queue.o(.text.xQueueGenericSend)
    [Anonymous Symbol]                       0x08003d04   Section        0  queue.o(.text.xQueueReceive)
    [Anonymous Symbol]                       0x08003f44   Section        0  tasks.o(.text.xTaskCheckForTimeOut)
    [Anonymous Symbol]                       0x08003fdc   Section        0  tasks.o(.text.xTaskCreate)
    [Anonymous Symbol]                       0x0800403c   Section        0  tasks.o(.text.xTaskCreateStatic)
    [Anonymous Symbol]                       0x080040b4   Section        0  tasks.o(.text.xTaskGetSchedulerState)
    [Anonymous Symbol]                       0x080040d4   Section        0  tasks.o(.text.xTaskGetTickCount)
    [Anonymous Symbol]                       0x080040e0   Section        0  tasks.o(.text.xTaskIncrementTick)
    [Anonymous Symbol]                       0x080041e4   Section        0  tasks.o(.text.xTaskPriorityDisinherit)
    [Anonymous Symbol]                       0x08004270   Section        0  tasks.o(.text.xTaskRemoveFromEventList)
    [Anonymous Symbol]                       0x080042e4   Section        0  tasks.o(.text.xTaskResumeAll)
    [Anonymous Symbol]                       0x080043d4   Section        0  timers.o(.text.xTimerCreateTimerTask)
    i.__0printf$1                            0x08004488   Section        0  printf1.o(i.__0printf$1)
    i.__scatterload_copy                     0x080044a8   Section       14  handlers.o(i.__scatterload_copy)
    i.__scatterload_null                     0x080044b6   Section        2  handlers.o(i.__scatterload_null)
    i.__scatterload_zeroinit                 0x080044b8   Section       14  handlers.o(i.__scatterload_zeroinit)
    _printf_core                             0x080044c9   Thumb Code   336  printf1.o(i._printf_core)
    i._printf_core                           0x080044c8   Section        0  printf1.o(i._printf_core)
    [Anonymous Symbol]                       0x080046c0   Section        0  freertos.o(.rodata.str1.1)
    .L.str.1                                 0x080046eb   Data           5  timers.o(.rodata.str1.1)
    [Anonymous Symbol]                       0x080046eb   Section        0  timers.o(.rodata.str1.1)
    .data                                    0x20000000   Section        4  stdout.o(.data)
    .L_MergedGlobals                         0x20000004   Data           8  stm32f4xx_hal.o(.data..L_MergedGlobals)
    [Anonymous Symbol]                       0x20000004   Section        0  stm32f4xx_hal.o(.data..L_MergedGlobals)
    uxCriticalNesting                        0x20000010   Data           4  port.o(.data.uxCriticalNesting)
    [Anonymous Symbol]                       0x20000010   Section        0  port.o(.data.uxCriticalNesting)
    .L_MergedGlobals                         0x20000018   Data          20  freertos.o(.bss..L_MergedGlobals)
    [Anonymous Symbol]                       0x20000018   Section        0  freertos.o(.bss..L_MergedGlobals)
    .L_MergedGlobals                         0x2000002c   Data         120  tasks.o(.bss..L_MergedGlobals)
    [Anonymous Symbol]                       0x2000002c   Section        0  tasks.o(.bss..L_MergedGlobals)
    uxTaskNumber                             0x20000030   Data           4  tasks.o(.bss..L_MergedGlobals)
    uxDeletedTasksWaitingCleanUp             0x20000034   Data           4  tasks.o(.bss..L_MergedGlobals)
    uxCurrentNumberOfTasks                   0x20000038   Data           4  tasks.o(.bss..L_MergedGlobals)
    xSchedulerRunning                        0x2000003c   Data           4  tasks.o(.bss..L_MergedGlobals)
    uxSchedulerSuspended                     0x20000040   Data           4  tasks.o(.bss..L_MergedGlobals)
    xTickCount                               0x20000044   Data           4  tasks.o(.bss..L_MergedGlobals)
    pxDelayedTaskList                        0x20000048   Data           4  tasks.o(.bss..L_MergedGlobals)
    pxOverflowDelayedTaskList                0x2000004c   Data           4  tasks.o(.bss..L_MergedGlobals)
    uxTopReadyPriority                       0x20000050   Data           4  tasks.o(.bss..L_MergedGlobals)
    xIdleTaskHandle                          0x20000054   Data           4  tasks.o(.bss..L_MergedGlobals)
    xNextTaskUnblockTime                     0x20000058   Data           4  tasks.o(.bss..L_MergedGlobals)
    xYieldPending                            0x2000005c   Data           4  tasks.o(.bss..L_MergedGlobals)
    xPendedTicks                             0x20000060   Data           4  tasks.o(.bss..L_MergedGlobals)
    xNumOfOverflows                          0x20000064   Data           4  tasks.o(.bss..L_MergedGlobals)
    xTasksWaitingTermination                 0x20000068   Data          20  tasks.o(.bss..L_MergedGlobals)
    xSuspendedTaskList                       0x2000007c   Data          20  tasks.o(.bss..L_MergedGlobals)
    xPendingReadyList                        0x20000090   Data          20  tasks.o(.bss..L_MergedGlobals)
    .L_MergedGlobals                         0x200000a4   Data          60  timers.o(.bss..L_MergedGlobals)
    xTimerQueue                              0x200000a4   Data           4  timers.o(.bss..L_MergedGlobals)
    [Anonymous Symbol]                       0x200000a4   Section        0  timers.o(.bss..L_MergedGlobals)
    xTimerTaskHandle                         0x200000a8   Data           4  timers.o(.bss..L_MergedGlobals)
    pxCurrentTimerList                       0x200000ac   Data           4  timers.o(.bss..L_MergedGlobals)
    pxOverflowTimerList                      0x200000b0   Data           4  timers.o(.bss..L_MergedGlobals)
    prvSampleTimeNow.xLastTime               0x200000b4   Data           4  timers.o(.bss..L_MergedGlobals)
    xActiveTimerList1                        0x200000b8   Data          20  timers.o(.bss..L_MergedGlobals)
    xActiveTimerList2                        0x200000cc   Data          20  timers.o(.bss..L_MergedGlobals)
    .L_MergedGlobals                         0x200000e0   Data          32  heap_4.o(.bss..L_MergedGlobals)
    xBlockAllocatedBit                       0x200000e0   Data           1  heap_4.o(.bss..L_MergedGlobals)
    [Anonymous Symbol]                       0x200000e0   Section        0  heap_4.o(.bss..L_MergedGlobals)
    pxEnd                                    0x200000e4   Data           4  heap_4.o(.bss..L_MergedGlobals)
    xFreeBytesRemaining                      0x200000e8   Data           4  heap_4.o(.bss..L_MergedGlobals)
    xMinimumEverFreeBytesRemaining           0x200000ec   Data           4  heap_4.o(.bss..L_MergedGlobals)
    xNumberOfSuccessfulAllocations           0x200000f0   Data           4  heap_4.o(.bss..L_MergedGlobals)
    xNumberOfSuccessfulFrees                 0x200000f4   Data           4  heap_4.o(.bss..L_MergedGlobals)
    xStart                                   0x200000f8   Data           8  heap_4.o(.bss..L_MergedGlobals)
    .L_MergedGlobals                         0x20000100   Data           8  port.o(.bss..L_MergedGlobals)
    ucMaxSysCallPriority                     0x20000100   Data           1  port.o(.bss..L_MergedGlobals)
    [Anonymous Symbol]                       0x20000100   Section        0  port.o(.bss..L_MergedGlobals)
    ulMaxPRIGROUPValue                       0x20000104   Data           4  port.o(.bss..L_MergedGlobals)
    .L_MergedGlobals.2                       0x20000108   Data          40  tasks.o(.bss..L_MergedGlobals.2)
    xDelayedTaskList1                        0x20000108   Data          20  tasks.o(.bss..L_MergedGlobals.2)
    [Anonymous Symbol]                       0x20000108   Section        0  tasks.o(.bss..L_MergedGlobals.2)
    xDelayedTaskList2                        0x2000011c   Data          20  tasks.o(.bss..L_MergedGlobals.2)
    KernelState                              0x20000130   Data           4  cmsis_os2.o(.bss.KernelState)
    [Anonymous Symbol]                       0x20000130   Section        0  cmsis_os2.o(.bss.KernelState)
    prvCheckForValidListAndQueue.ucStaticTimerQueueStorage 0x2000020c   Data         160  timers.o(.bss.prvCheckForValidListAndQueue.ucStaticTimerQueueStorage)
    [Anonymous Symbol]                       0x2000020c   Section        0  timers.o(.bss.prvCheckForValidListAndQueue.ucStaticTimerQueueStorage)
    prvCheckForValidListAndQueue.xStaticTimerQueue 0x200002ac   Data          80  timers.o(.bss.prvCheckForValidListAndQueue.xStaticTimerQueue)
    [Anonymous Symbol]                       0x200002ac   Section        0  timers.o(.bss.prvCheckForValidListAndQueue.xStaticTimerQueue)
    pxReadyTasksLists                        0x200002fc   Data        1120  tasks.o(.bss.pxReadyTasksLists)
    [Anonymous Symbol]                       0x200002fc   Section        0  tasks.o(.bss.pxReadyTasksLists)
    ucHeap                                   0x2000075c   Data       15360  heap_4.o(.bss.ucHeap)
    [Anonymous Symbol]                       0x2000075c   Section        0  heap_4.o(.bss.ucHeap)
    vApplicationGetIdleTaskMemory.Idle_Stack 0x20004360   Data         512  cmsis_os2.o(.bss.vApplicationGetIdleTaskMemory.Idle_Stack)
    [Anonymous Symbol]                       0x20004360   Section        0  cmsis_os2.o(.bss.vApplicationGetIdleTaskMemory.Idle_Stack)
    vApplicationGetIdleTaskMemory.Idle_TCB   0x20004560   Data          92  cmsis_os2.o(.bss.vApplicationGetIdleTaskMemory.Idle_TCB)
    [Anonymous Symbol]                       0x20004560   Section        0  cmsis_os2.o(.bss.vApplicationGetIdleTaskMemory.Idle_TCB)
    vApplicationGetTimerTaskMemory.Timer_Stack 0x200045bc   Data        1024  cmsis_os2.o(.bss.vApplicationGetTimerTaskMemory.Timer_Stack)
    [Anonymous Symbol]                       0x200045bc   Section        0  cmsis_os2.o(.bss.vApplicationGetTimerTaskMemory.Timer_Stack)
    vApplicationGetTimerTaskMemory.Timer_TCB 0x200049bc   Data          92  cmsis_os2.o(.bss.vApplicationGetTimerTaskMemory.Timer_TCB)
    [Anonymous Symbol]                       0x200049bc   Section        0  cmsis_os2.o(.bss.vApplicationGetTimerTaskMemory.Timer_TCB)
    STACK                                    0x20004a58   Section     1024  startup_stm32f407xx.o(STACK)

    Global Symbols

    Symbol Name                              Value     Ov Type        Size  Object(Section)

    BuildAttributes$$THM_ISAv4$E$P$D$K$B$S$7EM$VFPi3$EXTD16$VFPS$VFMA$PE$A:L22UL41UL21$X:L11$S22US41US21$IEEE1$IW$~IW$USESV6$~STKCKD$USESV7$~SHL$OTIME$ROPI$EBA8$MICROLIB$REQ8$PRES8$EABIv2 0x00000000   Number         0  anon$$obj.o ABSOLUTE
    _printf_a                                0x00000000   Number         0  printfstubs.o ABSOLUTE
    _printf_c                                0x00000000   Number         0  printfstubs.o ABSOLUTE
    _printf_charcount                        0x00000000   Number         0  printfstubs.o ABSOLUTE
    _printf_d                                0x00000000   Number         0  printfstubs.o ABSOLUTE
    _printf_e                                0x00000000   Number         0  printfstubs.o ABSOLUTE
    _printf_f                                0x00000000   Number         0  printfstubs.o ABSOLUTE
    _printf_flags                            0x00000000   Number         0  printfstubs.o ABSOLUTE
    _printf_fp_dec                           0x00000000   Number         0  printfstubs.o ABSOLUTE
    _printf_fp_hex                           0x00000000   Number         0  printfstubs.o ABSOLUTE
    _printf_g                                0x00000000   Number         0  printfstubs.o ABSOLUTE
    _printf_i                                0x00000000   Number         0  printfstubs.o ABSOLUTE
    _printf_int_dec                          0x00000000   Number         0  printfstubs.o ABSOLUTE
    _printf_l                                0x00000000   Number         0  printfstubs.o ABSOLUTE
    _printf_lc                               0x00000000   Number         0  printfstubs.o ABSOLUTE
    _printf_ll                               0x00000000   Number         0  printfstubs.o ABSOLUTE
    _printf_lld                              0x00000000   Number         0  printfstubs.o ABSOLUTE
    _printf_lli                              0x00000000   Number         0  printfstubs.o ABSOLUTE
    _printf_llo                              0x00000000   Number         0  printfstubs.o ABSOLUTE
    _printf_llu                              0x00000000   Number         0  printfstubs.o ABSOLUTE
    _printf_llx                              0x00000000   Number         0  printfstubs.o ABSOLUTE
    _printf_longlong_dec                     0x00000000   Number         0  printfstubs.o ABSOLUTE
    _printf_longlong_hex                     0x00000000   Number         0  printfstubs.o ABSOLUTE
    _printf_longlong_oct                     0x00000000   Number         0  printfstubs.o ABSOLUTE
    _printf_ls                               0x00000000   Number         0  printfstubs.o ABSOLUTE
    _printf_mbtowc                           0x00000000   Number         0  printfstubs.o ABSOLUTE
    _printf_n                                0x00000000   Number         0  printfstubs.o ABSOLUTE
    _printf_o                                0x00000000   Number         0  printfstubs.o ABSOLUTE
    _printf_p                                0x00000000   Number         0  printfstubs.o ABSOLUTE
    _printf_percent                          0x00000000   Number         0  printfstubs.o ABSOLUTE
    _printf_pre_padding                      0x00000000   Number         0  printfstubs.o ABSOLUTE
    _printf_return_value                     0x00000000   Number         0  printfstubs.o ABSOLUTE
    _printf_s                                0x00000000   Number         0  printfstubs.o ABSOLUTE
    _printf_sizespec                         0x00000000   Number         0  printfstubs.o ABSOLUTE
    _printf_str                              0x00000000   Number         0  printfstubs.o ABSOLUTE
    _printf_truncate_signed                  0x00000000   Number         0  printfstubs.o ABSOLUTE
    _printf_truncate_unsigned                0x00000000   Number         0  printfstubs.o ABSOLUTE
    _printf_u                                0x00000000   Number         0  printfstubs.o ABSOLUTE
    _printf_wc                               0x00000000   Number         0  printfstubs.o ABSOLUTE
    _printf_wctomb                           0x00000000   Number         0  printfstubs.o ABSOLUTE
    _printf_widthprec                        0x00000000   Number         0  printfstubs.o ABSOLUTE
    _printf_x                                0x00000000   Number         0  printfstubs.o ABSOLUTE
    __cpp_initialize__aeabi_                  - Undefined Weak Reference
    __cxa_finalize                            - Undefined Weak Reference
    __decompress                              - Undefined Weak Reference
    _clock_init                               - Undefined Weak Reference
    _microlib_exit                            - Undefined Weak Reference
    __Vectors_Size                           0x00000188   Number         0  startup_stm32f407xx.o ABSOLUTE
    __Vectors                                0x08000000   Data           4  startup_stm32f407xx.o(RESET)
    __Vectors_End                            0x08000188   Data           0  startup_stm32f407xx.o(RESET)
    __main                                   0x08000189   Thumb Code     0  entry.o(.ARM.Collect$$$$00000000)
    _main_stk                                0x08000189   Thumb Code     0  entry2.o(.ARM.Collect$$$$00000001)
    _main_scatterload                        0x0800018d   Thumb Code     0  entry5.o(.ARM.Collect$$$$00000004)
    __main_after_scatterload                 0x08000191   Thumb Code     0  entry5.o(.ARM.Collect$$$$00000004)
    _main_clock                              0x08000191   Thumb Code     0  entry7b.o(.ARM.Collect$$$$00000008)
    _main_cpp_init                           0x08000191   Thumb Code     0  entry8b.o(.ARM.Collect$$$$0000000A)
    _main_init                               0x08000191   Thumb Code     0  entry9a.o(.ARM.Collect$$$$0000000B)
    __rt_final_cpp                           0x08000199   Thumb Code     0  entry10a.o(.ARM.Collect$$$$0000000D)
    __rt_final_exit                          0x08000199   Thumb Code     0  entry11a.o(.ARM.Collect$$$$0000000F)
    Reset_Handler                            0x0800019d   Thumb Code     8  startup_stm32f407xx.o(.text)
    ADC_IRQHandler                           0x080001b7   Thumb Code     0  startup_stm32f407xx.o(.text)
    CAN1_RX0_IRQHandler                      0x080001b7   Thumb Code     0  startup_stm32f407xx.o(.text)
    CAN1_RX1_IRQHandler                      0x080001b7   Thumb Code     0  startup_stm32f407xx.o(.text)
    CAN1_SCE_IRQHandler                      0x080001b7   Thumb Code     0  startup_stm32f407xx.o(.text)
    CAN1_TX_IRQHandler                       0x080001b7   Thumb Code     0  startup_stm32f407xx.o(.text)
    CAN2_RX0_IRQHandler                      0x080001b7   Thumb Code     0  startup_stm32f407xx.o(.text)
    CAN2_RX1_IRQHandler                      0x080001b7   Thumb Code     0  startup_stm32f407xx.o(.text)
    CAN2_SCE_IRQHandler                      0x080001b7   Thumb Code     0  startup_stm32f407xx.o(.text)
    CAN2_TX_IRQHandler                       0x080001b7   Thumb Code     0  startup_stm32f407xx.o(.text)
    DCMI_IRQHandler                          0x080001b7   Thumb Code     0  startup_stm32f407xx.o(.text)
    DMA1_Stream0_IRQHandler                  0x080001b7   Thumb Code     0  startup_stm32f407xx.o(.text)
    DMA1_Stream1_IRQHandler                  0x080001b7   Thumb Code     0  startup_stm32f407xx.o(.text)
    DMA1_Stream2_IRQHandler                  0x080001b7   Thumb Code     0  startup_stm32f407xx.o(.text)
    DMA1_Stream3_IRQHandler                  0x080001b7   Thumb Code     0  startup_stm32f407xx.o(.text)
    DMA1_Stream4_IRQHandler                  0x080001b7   Thumb Code     0  startup_stm32f407xx.o(.text)
    DMA1_Stream5_IRQHandler                  0x080001b7   Thumb Code     0  startup_stm32f407xx.o(.text)
    DMA1_Stream6_IRQHandler                  0x080001b7   Thumb Code     0  startup_stm32f407xx.o(.text)
    DMA1_Stream7_IRQHandler                  0x080001b7   Thumb Code     0  startup_stm32f407xx.o(.text)
    DMA2_Stream0_IRQHandler                  0x080001b7   Thumb Code     0  startup_stm32f407xx.o(.text)
    DMA2_Stream1_IRQHandler                  0x080001b7   Thumb Code     0  startup_stm32f407xx.o(.text)
    DMA2_Stream2_IRQHandler                  0x080001b7   Thumb Code     0  startup_stm32f407xx.o(.text)
    DMA2_Stream3_IRQHandler                  0x080001b7   Thumb Code     0  startup_stm32f407xx.o(.text)
    DMA2_Stream4_IRQHandler                  0x080001b7   Thumb Code     0  startup_stm32f407xx.o(.text)
    DMA2_Stream5_IRQHandler                  0x080001b7   Thumb Code     0  startup_stm32f407xx.o(.text)
    DMA2_Stream6_IRQHandler                  0x080001b7   Thumb Code     0  startup_stm32f407xx.o(.text)
    DMA2_Stream7_IRQHandler                  0x080001b7   Thumb Code     0  startup_stm32f407xx.o(.text)
    ETH_IRQHandler                           0x080001b7   Thumb Code     0  startup_stm32f407xx.o(.text)
    ETH_WKUP_IRQHandler                      0x080001b7   Thumb Code     0  startup_stm32f407xx.o(.text)
    EXTI0_IRQHandler                         0x080001b7   Thumb Code     0  startup_stm32f407xx.o(.text)
    EXTI15_10_IRQHandler                     0x080001b7   Thumb Code     0  startup_stm32f407xx.o(.text)
    EXTI1_IRQHandler                         0x080001b7   Thumb Code     0  startup_stm32f407xx.o(.text)
    EXTI2_IRQHandler                         0x080001b7   Thumb Code     0  startup_stm32f407xx.o(.text)
    EXTI3_IRQHandler                         0x080001b7   Thumb Code     0  startup_stm32f407xx.o(.text)
    EXTI4_IRQHandler                         0x080001b7   Thumb Code     0  startup_stm32f407xx.o(.text)
    EXTI9_5_IRQHandler                       0x080001b7   Thumb Code     0  startup_stm32f407xx.o(.text)
    FLASH_IRQHandler                         0x080001b7   Thumb Code     0  startup_stm32f407xx.o(.text)
    FMC_IRQHandler                           0x080001b7   Thumb Code     0  startup_stm32f407xx.o(.text)
    FPU_IRQHandler                           0x080001b7   Thumb Code     0  startup_stm32f407xx.o(.text)
    HASH_RNG_IRQHandler                      0x080001b7   Thumb Code     0  startup_stm32f407xx.o(.text)
    I2C1_ER_IRQHandler                       0x080001b7   Thumb Code     0  startup_stm32f407xx.o(.text)
    I2C1_EV_IRQHandler                       0x080001b7   Thumb Code     0  startup_stm32f407xx.o(.text)
    I2C2_ER_IRQHandler                       0x080001b7   Thumb Code     0  startup_stm32f407xx.o(.text)
    I2C2_EV_IRQHandler                       0x080001b7   Thumb Code     0  startup_stm32f407xx.o(.text)
    I2C3_ER_IRQHandler                       0x080001b7   Thumb Code     0  startup_stm32f407xx.o(.text)
    I2C3_EV_IRQHandler                       0x080001b7   Thumb Code     0  startup_stm32f407xx.o(.text)
    OTG_FS_IRQHandler                        0x080001b7   Thumb Code     0  startup_stm32f407xx.o(.text)
    OTG_FS_WKUP_IRQHandler                   0x080001b7   Thumb Code     0  startup_stm32f407xx.o(.text)
    OTG_HS_EP1_IN_IRQHandler                 0x080001b7   Thumb Code     0  startup_stm32f407xx.o(.text)
    OTG_HS_EP1_OUT_IRQHandler                0x080001b7   Thumb Code     0  startup_stm32f407xx.o(.text)
    OTG_HS_IRQHandler                        0x080001b7   Thumb Code     0  startup_stm32f407xx.o(.text)
    OTG_HS_WKUP_IRQHandler                   0x080001b7   Thumb Code     0  startup_stm32f407xx.o(.text)
    PVD_IRQHandler                           0x080001b7   Thumb Code     0  startup_stm32f407xx.o(.text)
    RCC_IRQHandler                           0x080001b7   Thumb Code     0  startup_stm32f407xx.o(.text)
    RTC_Alarm_IRQHandler                     0x080001b7   Thumb Code     0  startup_stm32f407xx.o(.text)
    RTC_WKUP_IRQHandler                      0x080001b7   Thumb Code     0  startup_stm32f407xx.o(.text)
    SDIO_IRQHandler                          0x080001b7   Thumb Code     0  startup_stm32f407xx.o(.text)
    SPI1_IRQHandler                          0x080001b7   Thumb Code     0  startup_stm32f407xx.o(.text)
    SPI2_IRQHandler                          0x080001b7   Thumb Code     0  startup_stm32f407xx.o(.text)
    SPI3_IRQHandler                          0x080001b7   Thumb Code     0  startup_stm32f407xx.o(.text)
    TAMP_STAMP_IRQHandler                    0x080001b7   Thumb Code     0  startup_stm32f407xx.o(.text)
    TIM1_BRK_TIM9_IRQHandler                 0x080001b7   Thumb Code     0  startup_stm32f407xx.o(.text)
    TIM1_CC_IRQHandler                       0x080001b7   Thumb Code     0  startup_stm32f407xx.o(.text)
    TIM1_TRG_COM_TIM11_IRQHandler            0x080001b7   Thumb Code     0  startup_stm32f407xx.o(.text)
    TIM2_IRQHandler                          0x080001b7   Thumb Code     0  startup_stm32f407xx.o(.text)
    TIM3_IRQHandler                          0x080001b7   Thumb Code     0  startup_stm32f407xx.o(.text)
    TIM4_IRQHandler                          0x080001b7   Thumb Code     0  startup_stm32f407xx.o(.text)
    TIM5_IRQHandler                          0x080001b7   Thumb Code     0  startup_stm32f407xx.o(.text)
    TIM6_DAC_IRQHandler                      0x080001b7   Thumb Code     0  startup_stm32f407xx.o(.text)
    TIM7_IRQHandler                          0x080001b7   Thumb Code     0  startup_stm32f407xx.o(.text)
    TIM8_BRK_TIM12_IRQHandler                0x080001b7   Thumb Code     0  startup_stm32f407xx.o(.text)
    TIM8_CC_IRQHandler                       0x080001b7   Thumb Code     0  startup_stm32f407xx.o(.text)
    TIM8_TRG_COM_TIM14_IRQHandler            0x080001b7   Thumb Code     0  startup_stm32f407xx.o(.text)
    TIM8_UP_TIM13_IRQHandler                 0x080001b7   Thumb Code     0  startup_stm32f407xx.o(.text)
    UART4_IRQHandler                         0x080001b7   Thumb Code     0  startup_stm32f407xx.o(.text)
    UART5_IRQHandler                         0x080001b7   Thumb Code     0  startup_stm32f407xx.o(.text)
    USART2_IRQHandler                        0x080001b7   Thumb Code     0  startup_stm32f407xx.o(.text)
    USART3_IRQHandler                        0x080001b7   Thumb Code     0  startup_stm32f407xx.o(.text)
    USART6_IRQHandler                        0x080001b7   Thumb Code     0  startup_stm32f407xx.o(.text)
    WWDG_IRQHandler                          0x080001b7   Thumb Code     0  startup_stm32f407xx.o(.text)
    __aeabi_uldivmod                         0x080001c1   Thumb Code    98  uldiv.o(.text)
    __aeabi_memcpy                           0x08000223   Thumb Code    36  memcpya.o(.text)
    __aeabi_memcpy4                          0x08000223   Thumb Code     0  memcpya.o(.text)
    __aeabi_memcpy8                          0x08000223   Thumb Code     0  memcpya.o(.text)
    __aeabi_memset                           0x08000247   Thumb Code    14  memseta.o(.text)
    __aeabi_memset4                          0x08000247   Thumb Code     0  memseta.o(.text)
    __aeabi_memset8                          0x08000247   Thumb Code     0  memseta.o(.text)
    __aeabi_memclr                           0x08000255   Thumb Code     4  memseta.o(.text)
    __aeabi_memclr4                          0x08000255   Thumb Code     0  memseta.o(.text)
    __aeabi_memclr8                          0x08000255   Thumb Code     0  memseta.o(.text)
    _memset$wrapper                          0x08000259   Thumb Code    18  memseta.o(.text)
    __aeabi_uidiv                            0x0800026b   Thumb Code     0  uidiv.o(.text)
    __aeabi_uidivmod                         0x0800026b   Thumb Code    44  uidiv.o(.text)
    __aeabi_llsl                             0x08000297   Thumb Code    30  llshl.o(.text)
    _ll_shift_l                              0x08000297   Thumb Code     0  llshl.o(.text)
    __aeabi_llsr                             0x080002b5   Thumb Code    32  llushr.o(.text)
    _ll_ushift_r                             0x080002b5   Thumb Code     0  llushr.o(.text)
    __scatterload                            0x080002d5   Thumb Code    38  init.o(.text)
    __scatterload_rt2                        0x080002d5   Thumb Code     0  init.o(.text)
    BusFault_Handler                         0x08000305   Thumb Code     2  stm32f4xx_it.o(.text.BusFault_Handler)
    DebugMon_Handler                         0x08000309   Thumb Code     2  stm32f4xx_it.o(.text.DebugMon_Handler)
    Error_Handler                            0x0800030d   Thumb Code     6  main.o(.text.Error_Handler)
    HAL_DMA_Abort                            0x08000315   Thumb Code   142  stm32f4xx_hal_dma.o(.text.HAL_DMA_Abort)
    HAL_DMA_Abort_IT                         0x080003a5   Thumb Code    36  stm32f4xx_hal_dma.o(.text.HAL_DMA_Abort_IT)
    HAL_GPIO_Init                            0x080003c9   Thumb Code   414  stm32f4xx_hal_gpio.o(.text.HAL_GPIO_Init)
    HAL_GPIO_WritePin                        0x08000569   Thumb Code    10  stm32f4xx_hal_gpio.o(.text.HAL_GPIO_WritePin)
    HAL_GetTick                              0x08000575   Thumb Code    12  stm32f4xx_hal.o(.text.HAL_GetTick)
    HAL_IncTick                              0x08000581   Thumb Code    26  stm32f4xx_hal.o(.text.HAL_IncTick)
    HAL_Init                                 0x0800059d   Thumb Code    54  stm32f4xx_hal.o(.text.HAL_Init)
    HAL_InitTick                             0x080005d5   Thumb Code   176  stm32f4xx_hal_timebase_tim.o(.text.HAL_InitTick)
    HAL_MspInit                              0x08000685   Thumb Code    66  stm32f4xx_hal_msp.o(.text.HAL_MspInit)
    HAL_NVIC_EnableIRQ                       0x080006c9   Thumb Code    34  stm32f4xx_hal_cortex.o(.text.HAL_NVIC_EnableIRQ)
    HAL_NVIC_SetPriority                     0x080006ed   Thumb Code    86  stm32f4xx_hal_cortex.o(.text.HAL_NVIC_SetPriority)
    HAL_NVIC_SetPriorityGrouping             0x08000745   Thumb Code    32  stm32f4xx_hal_cortex.o(.text.HAL_NVIC_SetPriorityGrouping)
    HAL_RCC_ClockConfig                      0x08000765   Thumb Code   356  stm32f4xx_hal_rcc.o(.text.HAL_RCC_ClockConfig)
    HAL_RCC_GetClockConfig                   0x080008c9   Thumb Code    62  stm32f4xx_hal_rcc.o(.text.HAL_RCC_GetClockConfig)
    HAL_RCC_GetPCLK1Freq                     0x08000909   Thumb Code    38  stm32f4xx_hal_rcc.o(.text.HAL_RCC_GetPCLK1Freq)
    HAL_RCC_GetPCLK2Freq                     0x08000931   Thumb Code    38  stm32f4xx_hal_rcc.o(.text.HAL_RCC_GetPCLK2Freq)
    HAL_RCC_GetSysClockFreq                  0x08000959   Thumb Code   108  stm32f4xx_hal_rcc.o(.text.HAL_RCC_GetSysClockFreq)
    HAL_RCC_OscConfig                        0x080009c5   Thumb Code   944  stm32f4xx_hal_rcc.o(.text.HAL_RCC_OscConfig)
    HAL_TIMEx_BreakCallback                  0x08000d75   Thumb Code     2  stm32f4xx_hal_tim_ex.o(.text.HAL_TIMEx_BreakCallback)
    HAL_TIMEx_CommutCallback                 0x08000d79   Thumb Code     2  stm32f4xx_hal_tim_ex.o(.text.HAL_TIMEx_CommutCallback)
    HAL_TIMEx_MasterConfigSynchronization    0x08000d7d   Thumb Code   186  stm32f4xx_hal_tim_ex.o(.text.HAL_TIMEx_MasterConfigSynchronization)
    HAL_TIM_Base_Init                        0x08000e39   Thumb Code    90  stm32f4xx_hal_tim.o(.text.HAL_TIM_Base_Init)
    HAL_TIM_Base_MspInit                     0x08000e95   Thumb Code     2  stm32f4xx_hal_tim.o(.text.HAL_TIM_Base_MspInit)
    HAL_TIM_Base_Start_IT                    0x08000e99   Thumb Code   170  stm32f4xx_hal_tim.o(.text.HAL_TIM_Base_Start_IT)
    HAL_TIM_IC_CaptureCallback               0x08000f45   Thumb Code     2  stm32f4xx_hal_tim.o(.text.HAL_TIM_IC_CaptureCallback)
    HAL_TIM_IRQHandler                       0x08000f49   Thumb Code   334  stm32f4xx_hal_tim.o(.text.HAL_TIM_IRQHandler)
    HAL_TIM_OC_DelayElapsedCallback          0x08001099   Thumb Code     2  stm32f4xx_hal_tim.o(.text.HAL_TIM_OC_DelayElapsedCallback)
    HAL_TIM_PWM_ConfigChannel                0x0800109d   Thumb Code   548  stm32f4xx_hal_tim.o(.text.HAL_TIM_PWM_ConfigChannel)
    HAL_TIM_PWM_Init                         0x080012c1   Thumb Code    90  stm32f4xx_hal_tim.o(.text.HAL_TIM_PWM_Init)
    HAL_TIM_PWM_MspInit                      0x0800131d   Thumb Code    46  tim.o(.text.HAL_TIM_PWM_MspInit)
    HAL_TIM_PWM_PulseFinishedCallback        0x0800134d   Thumb Code     2  stm32f4xx_hal_tim.o(.text.HAL_TIM_PWM_PulseFinishedCallback)
    HAL_TIM_PWM_Start                        0x08001351   Thumb Code   286  stm32f4xx_hal_tim.o(.text.HAL_TIM_PWM_Start)
    HAL_TIM_PeriodElapsedCallback            0x08001471   Thumb Code    18  main.o(.text.HAL_TIM_PeriodElapsedCallback)
    HAL_TIM_TriggerCallback                  0x08001485   Thumb Code     2  stm32f4xx_hal_tim.o(.text.HAL_TIM_TriggerCallback)
    HAL_UARTEx_RxEventCallback               0x08001489   Thumb Code     2  stm32f4xx_hal_uart.o(.text.HAL_UARTEx_RxEventCallback)
    HAL_UART_ErrorCallback                   0x0800148d   Thumb Code     2  stm32f4xx_hal_uart.o(.text.HAL_UART_ErrorCallback)
    HAL_UART_IRQHandler                      0x08001491   Thumb Code  1392  stm32f4xx_hal_uart.o(.text.HAL_UART_IRQHandler)
    HAL_UART_Init                            0x08001a01   Thumb Code    96  stm32f4xx_hal_uart.o(.text.HAL_UART_Init)
    HAL_UART_MspInit                         0x08001a61   Thumb Code   124  usart.o(.text.HAL_UART_MspInit)
    HAL_UART_RxCpltCallback                  0x08001add   Thumb Code     2  stm32f4xx_hal_uart.o(.text.HAL_UART_RxCpltCallback)
    HAL_UART_Transmit                        0x08001ae1   Thumb Code   376  stm32f4xx_hal_uart.o(.text.HAL_UART_Transmit)
    HAL_UART_TxCpltCallback                  0x08001c59   Thumb Code     2  stm32f4xx_hal_uart.o(.text.HAL_UART_TxCpltCallback)
    HardFault_Handler                        0x08001c5d   Thumb Code     2  stm32f4xx_it.o(.text.HardFault_Handler)
    MX_FREERTOS_Init                         0x08001c61   Thumb Code   112  freertos.o(.text.MX_FREERTOS_Init)
    MX_GPIO_Init                             0x08001cd1   Thumb Code   138  gpio.o(.text.MX_GPIO_Init)
    MX_TIM2_Init                             0x08001d5d   Thumb Code   196  tim.o(.text.MX_TIM2_Init)
    MX_USART1_UART_Init                      0x08001e21   Thumb Code    60  usart.o(.text.MX_USART1_UART_Init)
    MemManage_Handler                        0x08001e5d   Thumb Code     2  stm32f4xx_it.o(.text.MemManage_Handler)
    NMI_Handler                              0x08001e61   Thumb Code     2  stm32f4xx_it.o(.text.NMI_Handler)
    PendSV_Handler                           0x08001e71   Thumb Code   100  port.o(.text.PendSV_Handler)
    ReceiveTask                              0x08001ed5   Thumb Code    60  freertos.o(.text.ReceiveTask)
    SVC_Handler                              0x08001f31   Thumb Code    36  port.o(.text.SVC_Handler)
    SendTask                                 0x08001f55   Thumb Code    60  freertos.o(.text.SendTask)
    StartDefaultTask                         0x08001fa5   Thumb Code    20  freertos.o(.text.StartDefaultTask)
    SysTick_Handler                          0x08001fcd   Thumb Code    30  cmsis_os2.o(.text.SysTick_Handler)
    SystemClock_Config                       0x08001fed   Thumb Code   164  main.o(.text.SystemClock_Config)
    SystemInit                               0x08002091   Thumb Code    18  system_stm32f4xx.o(.text.SystemInit)
    TIM1_UP_TIM10_IRQHandler                 0x080020a5   Thumb Code    12  stm32f4xx_it.o(.text.TIM1_UP_TIM10_IRQHandler)
    TIM_Base_SetConfig                       0x080020b1   Thumb Code   332  stm32f4xx_hal_tim.o(.text.TIM_Base_SetConfig)
    USART1_IRQHandler                        0x080023f9   Thumb Code    12  stm32f4xx_it.o(.text.USART1_IRQHandler)
    UsageFault_Handler                       0x08002405   Thumb Code     2  stm32f4xx_it.o(.text.UsageFault_Handler)
    fputc                                    0x08002409   Thumb Code    32  usart.o(.text.fputc)
    main                                     0x08002429   Thumb Code    50  main.o(.text.main)
    osDelay                                  0x0800245d   Thumb Code    32  cmsis_os2.o(.text.osDelay)
    osEventFlagsNew                          0x0800247d   Thumb Code    40  cmsis_os2.o(.text.osEventFlagsNew)
    osKernelInitialize                       0x080024a5   Thumb Code    40  cmsis_os2.o(.text.osKernelInitialize)
    osKernelStart                            0x080024cd   Thumb Code    60  cmsis_os2.o(.text.osKernelStart)
    osThreadNew                              0x08002509   Thumb Code   156  cmsis_os2.o(.text.osThreadNew)
    pvPortMalloc                             0x08002e49   Thumb Code   500  heap_4.o(.text.pvPortMalloc)
    pxPortInitialiseStack                    0x0800303d   Thumb Code    36  port.o(.text.pxPortInitialiseStack)
    uxListRemove                             0x08003061   Thumb Code    36  list.o(.text.uxListRemove)
    vApplicationGetIdleTaskMemory            0x08003085   Thumb Code    26  cmsis_os2.o(.text.vApplicationGetIdleTaskMemory)
    vApplicationGetTimerTaskMemory           0x080030a1   Thumb Code    28  cmsis_os2.o(.text.vApplicationGetTimerTaskMemory)
    vListInitialise                          0x080030bd   Thumb Code    22  list.o(.text.vListInitialise)
    vListInitialiseItem                      0x080030d5   Thumb Code     6  list.o(.text.vListInitialiseItem)
    vListInsert                              0x080030dd   Thumb Code    98  list.o(.text.vListInsert)
    vListInsertEnd                           0x08003141   Thumb Code    28  list.o(.text.vListInsertEnd)
    vPortEnterCritical                       0x08003171   Thumb Code    70  port.o(.text.vPortEnterCritical)
    vPortExitCritical                        0x080031b9   Thumb Code    46  port.o(.text.vPortExitCritical)
    vPortFree                                0x080031e9   Thumb Code   212  heap_4.o(.text.vPortFree)
    vPortSetupTimerInterrupt                 0x080032bd   Thumb Code    52  port.o(.text.vPortSetupTimerInterrupt)
    vQueueAddToRegistry                      0x080032f1   Thumb Code   176  queue.o(.text.vQueueAddToRegistry)
    vQueueWaitForMessageRestricted           0x080033a1   Thumb Code    82  queue.o(.text.vQueueWaitForMessageRestricted)
    vTaskDelay                               0x080033f5   Thumb Code   128  tasks.o(.text.vTaskDelay)
    vTaskInternalSetTimeOutState             0x08003475   Thumb Code    18  tasks.o(.text.vTaskInternalSetTimeOutState)
    vTaskMissedYield                         0x08003489   Thumb Code    14  tasks.o(.text.vTaskMissedYield)
    vTaskPlaceOnEventList                    0x08003499   Thumb Code   116  tasks.o(.text.vTaskPlaceOnEventList)
    vTaskPlaceOnEventListRestricted          0x0800350d   Thumb Code   122  tasks.o(.text.vTaskPlaceOnEventListRestricted)
    vTaskStartScheduler                      0x08003589   Thumb Code   232  tasks.o(.text.vTaskStartScheduler)
    vTaskSuspendAll                          0x08003679   Thumb Code    16  tasks.o(.text.vTaskSuspendAll)
    vTaskSwitchContext                       0x08003689   Thumb Code   188  tasks.o(.text.vTaskSwitchContext)
    xEventGroupCreate                        0x08003745   Thumb Code    28  event_groups.o(.text.xEventGroupCreate)
    xEventGroupCreateStatic                  0x08003761   Thumb Code    78  event_groups.o(.text.xEventGroupCreateStatic)
    xPortStartScheduler                      0x080037b1   Thumb Code   392  port.o(.text.xPortStartScheduler)
    xPortSysTickHandler                      0x08003939   Thumb Code    46  port.o(.text.xPortSysTickHandler)
    xQueueGenericCreateStatic                0x08003969   Thumb Code   222  queue.o(.text.xQueueGenericCreateStatic)
    xQueueGenericSend                        0x08003a49   Thumb Code   700  queue.o(.text.xQueueGenericSend)
    xQueueReceive                            0x08003d05   Thumb Code   574  queue.o(.text.xQueueReceive)
    xTaskCheckForTimeOut                     0x08003f45   Thumb Code   150  tasks.o(.text.xTaskCheckForTimeOut)
    xTaskCreate                              0x08003fdd   Thumb Code    96  tasks.o(.text.xTaskCreate)
    xTaskCreateStatic                        0x0800403d   Thumb Code   118  tasks.o(.text.xTaskCreateStatic)
    xTaskGetSchedulerState                   0x080040b5   Thumb Code    30  tasks.o(.text.xTaskGetSchedulerState)
    xTaskGetTickCount                        0x080040d5   Thumb Code    12  tasks.o(.text.xTaskGetTickCount)
    xTaskIncrementTick                       0x080040e1   Thumb Code   260  tasks.o(.text.xTaskIncrementTick)
    xTaskPriorityDisinherit                  0x080041e5   Thumb Code   138  tasks.o(.text.xTaskPriorityDisinherit)
    xTaskRemoveFromEventList                 0x08004271   Thumb Code   114  tasks.o(.text.xTaskRemoveFromEventList)
    xTaskResumeAll                           0x080042e5   Thumb Code   238  tasks.o(.text.xTaskResumeAll)
    xTimerCreateTimerTask                    0x080043d5   Thumb Code   172  timers.o(.text.xTimerCreateTimerTask)
    __0printf$1                              0x08004489   Thumb Code    22  printf1.o(i.__0printf$1)
    __1printf$1                              0x08004489   Thumb Code     0  printf1.o(i.__0printf$1)
    __2printf                                0x08004489   Thumb Code     0  printf1.o(i.__0printf$1)
    __scatterload_copy                       0x080044a9   Thumb Code    14  handlers.o(i.__scatterload_copy)
    __scatterload_null                       0x080044b7   Thumb Code     2  handlers.o(i.__scatterload_null)
    __scatterload_zeroinit                   0x080044b9   Thumb Code    14  handlers.o(i.__scatterload_zeroinit)
    AHBPrescTable                            0x0800461c   Data          16  system_stm32f4xx.o(.rodata.AHBPrescTable)
    APBPrescTable                            0x0800462c   Data           8  system_stm32f4xx.o(.rodata.APBPrescTable)
    Receive_attributes                       0x08004634   Data          36  freertos.o(.rodata.Receive_attributes)
    Receiving_attributes                     0x08004658   Data          16  freertos.o(.rodata.Receiving_attributes)
    Send_attributes                          0x08004668   Data          36  freertos.o(.rodata.Send_attributes)
    Sending_attributes                       0x0800468c   Data          16  freertos.o(.rodata.Sending_attributes)
    defaultTask_attributes                   0x0800469c   Data          36  freertos.o(.rodata.defaultTask_attributes)
    Region$$Table$$Base                      0x080046f0   Number         0  anon$$obj.o(Region$$Table)
    Region$$Table$$Limit                     0x08004710   Number         0  anon$$obj.o(Region$$Table)
    __stdout                                 0x20000000   Data           4  stdout.o(.data)
    uwTickFreq                               0x20000004   Data           1  stm32f4xx_hal.o(.data..L_MergedGlobals)
    uwTickPrio                               0x20000008   Data           4  stm32f4xx_hal.o(.data..L_MergedGlobals)
    SystemCoreClock                          0x2000000c   Data           4  system_stm32f4xx.o(.data.SystemCoreClock)
    defaultTaskHandle                        0x20000018   Data           4  freertos.o(.bss..L_MergedGlobals)
    SendHandle                               0x2000001c   Data           4  freertos.o(.bss..L_MergedGlobals)
    ReceiveHandle                            0x20000020   Data           4  freertos.o(.bss..L_MergedGlobals)
    SendingHandle                            0x20000024   Data           4  freertos.o(.bss..L_MergedGlobals)
    ReceivingHandle                          0x20000028   Data           4  freertos.o(.bss..L_MergedGlobals)
    pxCurrentTCB                             0x2000002c   Data           4  tasks.o(.bss..L_MergedGlobals)
    htim1                                    0x20000134   Data          72  stm32f4xx_hal_timebase_tim.o(.bss.htim1)
    htim2                                    0x2000017c   Data          72  tim.o(.bss.htim2)
    huart1                                   0x200001c4   Data          72  usart.o(.bss.huart1)
    uwTick                                   0x2000435c   Data           4  stm32f4xx_hal.o(.bss.uwTick)
    xQueueRegistry                           0x20004a18   Data          64  queue.o(.bss.xQueueRegistry)
    __initial_sp                             0x20004e58   Data           0  startup_stm32f407xx.o(STACK)



==============================================================================

Memory Map of the image

  Image Entry point : 0x08000189

  Load Region LR_IROM1 (Base: 0x08000000, Size: 0x00004728, Max: 0x00080000, ABSOLUTE)

    Execution Region ER_IROM1 (Exec base: 0x08000000, Load base: 0x08000000, Size: 0x00004710, Max: 0x00080000, ABSOLUTE)

    Exec Addr    Load Addr    Size         Type   Attr      Idx    E Section Name        Object

    0x08000000   0x08000000   0x00000188   Data   RO            3    RESET               startup_stm32f407xx.o
    0x08000188   0x08000188   0x00000000   Code   RO         1548  * .ARM.Collect$$$$00000000  mc_w.l(entry.o)
    0x08000188   0x08000188   0x00000004   Code   RO         1820    .ARM.Collect$$$$00000001  mc_w.l(entry2.o)
    0x0800018c   0x0800018c   0x00000004   Code   RO         1823    .ARM.Collect$$$$00000004  mc_w.l(entry5.o)
    0x08000190   0x08000190   0x00000000   Code   RO         1825    .ARM.Collect$$$$00000008  mc_w.l(entry7b.o)
    0x08000190   0x08000190   0x00000000   Code   RO         1827    .ARM.Collect$$$$0000000A  mc_w.l(entry8b.o)
    0x08000190   0x08000190   0x00000008   Code   RO         1828    .ARM.Collect$$$$0000000B  mc_w.l(entry9a.o)
    0x08000198   0x08000198   0x00000000   Code   RO         1830    .ARM.Collect$$$$0000000D  mc_w.l(entry10a.o)
    0x08000198   0x08000198   0x00000000   Code   RO         1832    .ARM.Collect$$$$0000000F  mc_w.l(entry11a.o)
    0x08000198   0x08000198   0x00000004   Code   RO         1821    .ARM.Collect$$$$00002712  mc_w.l(entry2.o)
    0x0800019c   0x0800019c   0x00000024   Code   RO            4    .text               startup_stm32f407xx.o
    0x080001c0   0x080001c0   0x00000062   Code   RO         1551    .text               mc_w.l(uldiv.o)
    0x08000222   0x08000222   0x00000024   Code   RO         1553    .text               mc_w.l(memcpya.o)
    0x08000246   0x08000246   0x00000024   Code   RO         1555    .text               mc_w.l(memseta.o)
    0x0800026a   0x0800026a   0x0000002c   Code   RO         1844    .text               mc_w.l(uidiv.o)
    0x08000296   0x08000296   0x0000001e   Code   RO         1846    .text               mc_w.l(llshl.o)
    0x080002b4   0x080002b4   0x00000020   Code   RO         1848    .text               mc_w.l(llushr.o)
    0x080002d4   0x080002d4   0x00000030   Code   RO         1861    .text               mc_w.l(init.o)
    0x08000304   0x08000304   0x00000002   Code   RO          103    .text.BusFault_Handler  stm32f4xx_it.o
    0x08000306   0x08000306   0x00000002   PAD
    0x08000308   0x08000308   0x00000002   Code   RO          107    .text.DebugMon_Handler  stm32f4xx_it.o
    0x0800030a   0x0800030a   0x00000002   PAD
    0x0800030c   0x0800030c   0x00000006   Code   RO           15    .text.Error_Handler  main.o
    0x08000312   0x08000312   0x00000002   PAD
    0x08000314   0x08000314   0x0000008e   Code   RO          300    .text.HAL_DMA_Abort  stm32f4xx_hal_dma.o
    0x080003a2   0x080003a2   0x00000002   PAD
    0x080003a4   0x080003a4   0x00000024   Code   RO          302    .text.HAL_DMA_Abort_IT  stm32f4xx_hal_dma.o
    0x080003c8   0x080003c8   0x0000019e   Code   RO          254    .text.HAL_GPIO_Init  stm32f4xx_hal_gpio.o
    0x08000566   0x08000566   0x00000002   PAD
    0x08000568   0x08000568   0x0000000a   Code   RO          260    .text.HAL_GPIO_WritePin  stm32f4xx_hal_gpio.o
    0x08000572   0x08000572   0x00000002   PAD
    0x08000574   0x08000574   0x0000000c   Code   RO          447    .text.HAL_GetTick   stm32f4xx_hal.o
    0x08000580   0x08000580   0x0000001a   Code   RO          445    .text.HAL_IncTick   stm32f4xx_hal.o
    0x0800059a   0x0800059a   0x00000002   PAD
    0x0800059c   0x0800059c   0x00000036   Code   RO          435    .text.HAL_Init      stm32f4xx_hal.o
    0x080005d2   0x080005d2   0x00000002   PAD
    0x080005d4   0x080005d4   0x000000b0   Code   RO          129    .text.HAL_InitTick  stm32f4xx_hal_timebase_tim.o
    0x08000684   0x08000684   0x00000042   Code   RO          120    .text.HAL_MspInit   stm32f4xx_hal_msp.o
    0x080006c6   0x080006c6   0x00000002   PAD
    0x080006c8   0x080006c8   0x00000022   Code   RO          391    .text.HAL_NVIC_EnableIRQ  stm32f4xx_hal_cortex.o
    0x080006ea   0x080006ea   0x00000002   PAD
    0x080006ec   0x080006ec   0x00000056   Code   RO          389    .text.HAL_NVIC_SetPriority  stm32f4xx_hal_cortex.o
    0x08000742   0x08000742   0x00000002   PAD
    0x08000744   0x08000744   0x00000020   Code   RO          387    .text.HAL_NVIC_SetPriorityGrouping  stm32f4xx_hal_cortex.o
    0x08000764   0x08000764   0x00000164   Code   RO          148    .text.HAL_RCC_ClockConfig  stm32f4xx_hal_rcc.o
    0x080008c8   0x080008c8   0x0000003e   Code   RO          166    .text.HAL_RCC_GetClockConfig  stm32f4xx_hal_rcc.o
    0x08000906   0x08000906   0x00000002   PAD
    0x08000908   0x08000908   0x00000026   Code   RO          160    .text.HAL_RCC_GetPCLK1Freq  stm32f4xx_hal_rcc.o
    0x0800092e   0x0800092e   0x00000002   PAD
    0x08000930   0x08000930   0x00000026   Code   RO          162    .text.HAL_RCC_GetPCLK2Freq  stm32f4xx_hal_rcc.o
    0x08000956   0x08000956   0x00000002   PAD
    0x08000958   0x08000958   0x0000006c   Code   RO          150    .text.HAL_RCC_GetSysClockFreq  stm32f4xx_hal_rcc.o
    0x080009c4   0x080009c4   0x000003b0   Code   RO          146    .text.HAL_RCC_OscConfig  stm32f4xx_hal_rcc.o
    0x08000d74   0x08000d74   0x00000002   Code   RO          830    .text.HAL_TIMEx_BreakCallback  stm32f4xx_hal_tim_ex.o
    0x08000d76   0x08000d76   0x00000002   PAD
    0x08000d78   0x08000d78   0x00000002   Code   RO          826    .text.HAL_TIMEx_CommutCallback  stm32f4xx_hal_tim_ex.o
    0x08000d7a   0x08000d7a   0x00000002   PAD
    0x08000d7c   0x08000d7c   0x000000ba   Code   RO          820    .text.HAL_TIMEx_MasterConfigSynchronization  stm32f4xx_hal_tim_ex.o
    0x08000e36   0x08000e36   0x00000002   PAD
    0x08000e38   0x08000e38   0x0000005a   Code   RO          525    .text.HAL_TIM_Base_Init  stm32f4xx_hal_tim.o
    0x08000e92   0x08000e92   0x00000002   PAD
    0x08000e94   0x08000e94   0x00000002   Code   RO          527    .text.HAL_TIM_Base_MspInit  stm32f4xx_hal_tim.o
    0x08000e96   0x08000e96   0x00000002   PAD
    0x08000e98   0x08000e98   0x000000aa   Code   RO          539    .text.HAL_TIM_Base_Start_IT  stm32f4xx_hal_tim.o
    0x08000f42   0x08000f42   0x00000002   PAD
    0x08000f44   0x08000f44   0x00000002   Code   RO          661    .text.HAL_TIM_IC_CaptureCallback  stm32f4xx_hal_tim.o
    0x08000f46   0x08000f46   0x00000002   PAD
    0x08000f48   0x08000f48   0x0000014e   Code   RO          659    .text.HAL_TIM_IRQHandler  stm32f4xx_hal_tim.o
    0x08001096   0x08001096   0x00000002   PAD
    0x08001098   0x08001098   0x00000002   Code   RO          663    .text.HAL_TIM_OC_DelayElapsedCallback  stm32f4xx_hal_tim.o
    0x0800109a   0x0800109a   0x00000002   PAD
    0x0800109c   0x0800109c   0x00000224   Code   RO          679    .text.HAL_TIM_PWM_ConfigChannel  stm32f4xx_hal_tim.o
    0x080012c0   0x080012c0   0x0000005a   Code   RO          579    .text.HAL_TIM_PWM_Init  stm32f4xx_hal_tim.o
    0x0800131a   0x0800131a   0x00000002   PAD
    0x0800131c   0x0800131c   0x0000002e   Code   RO           65    .text.HAL_TIM_PWM_MspInit  tim.o
    0x0800134a   0x0800134a   0x00000002   PAD
    0x0800134c   0x0800134c   0x00000002   Code   RO          665    .text.HAL_TIM_PWM_PulseFinishedCallback  stm32f4xx_hal_tim.o
    0x0800134e   0x0800134e   0x00000002   PAD
    0x08001350   0x08001350   0x0000011e   Code   RO          587    .text.HAL_TIM_PWM_Start  stm32f4xx_hal_tim.o
    0x0800146e   0x0800146e   0x00000002   PAD
    0x08001470   0x08001470   0x00000012   Code   RO           17    .text.HAL_TIM_PeriodElapsedCallback  main.o
    0x08001482   0x08001482   0x00000002   PAD
    0x08001484   0x08001484   0x00000002   Code   RO          669    .text.HAL_TIM_TriggerCallback  stm32f4xx_hal_tim.o
    0x08001486   0x08001486   0x00000002   PAD
    0x08001488   0x08001488   0x00000002   Code   RO          930    .text.HAL_UARTEx_RxEventCallback  stm32f4xx_hal_uart.o
    0x0800148a   0x0800148a   0x00000002   PAD
    0x0800148c   0x0800148c   0x00000002   Code   RO          928    .text.HAL_UART_ErrorCallback  stm32f4xx_hal_uart.o
    0x0800148e   0x0800148e   0x00000002   PAD
    0x08001490   0x08001490   0x00000570   Code   RO          922    .text.HAL_UART_IRQHandler  stm32f4xx_hal_uart.o
    0x08001a00   0x08001a00   0x00000060   Code   RO          844    .text.HAL_UART_Init  stm32f4xx_hal_uart.o
    0x08001a60   0x08001a60   0x0000007c   Code   RO           80    .text.HAL_UART_MspInit  usart.o
    0x08001adc   0x08001adc   0x00000002   Code   RO          936    .text.HAL_UART_RxCpltCallback  stm32f4xx_hal_uart.o
    0x08001ade   0x08001ade   0x00000002   PAD
    0x08001ae0   0x08001ae0   0x00000178   Code   RO          860    .text.HAL_UART_Transmit  stm32f4xx_hal_uart.o
    0x08001c58   0x08001c58   0x00000002   Code   RO          932    .text.HAL_UART_TxCpltCallback  stm32f4xx_hal_uart.o
    0x08001c5a   0x08001c5a   0x00000002   PAD
    0x08001c5c   0x08001c5c   0x00000002   Code   RO           99    .text.HardFault_Handler  stm32f4xx_it.o
    0x08001c5e   0x08001c5e   0x00000002   PAD
    0x08001c60   0x08001c60   0x00000070   Code   RO           38    .text.MX_FREERTOS_Init  freertos.o
    0x08001cd0   0x08001cd0   0x0000008a   Code   RO           28    .text.MX_GPIO_Init  gpio.o
    0x08001d5a   0x08001d5a   0x00000002   PAD
    0x08001d5c   0x08001d5c   0x000000c4   Code   RO           61    .text.MX_TIM2_Init  tim.o
    0x08001e20   0x08001e20   0x0000003c   Code   RO           78    .text.MX_USART1_UART_Init  usart.o
    0x08001e5c   0x08001e5c   0x00000002   Code   RO          101    .text.MemManage_Handler  stm32f4xx_it.o
    0x08001e5e   0x08001e5e   0x00000002   PAD
    0x08001e60   0x08001e60   0x00000002   Code   RO           97    .text.NMI_Handler   stm32f4xx_it.o
    0x08001e62   0x08001e62   0x0000000e   PAD
    0x08001e70   0x08001e70   0x00000064   Code   RO         1533    .text.PendSV_Handler  port.o
    0x08001ed4   0x08001ed4   0x00000050   Code   RO           44    .text.ReceiveTask   freertos.o
    0x08001f24   0x08001f24   0x0000000c   PAD
    0x08001f30   0x08001f30   0x00000024   Code   RO         1517    .text.SVC_Handler   port.o
    0x08001f54   0x08001f54   0x00000050   Code   RO           42    .text.SendTask      freertos.o
    0x08001fa4   0x08001fa4   0x00000028   Code   RO           40    .text.StartDefaultTask  freertos.o
    0x08001fcc   0x08001fcc   0x0000001e   Code   RO         1328    .text.SysTick_Handler  cmsis_os2.o
    0x08001fea   0x08001fea   0x00000002   PAD
    0x08001fec   0x08001fec   0x000000a4   Code   RO           13    .text.SystemClock_Config  main.o
    0x08002090   0x08002090   0x00000012   Code   RO          966    .text.SystemInit    system_stm32f4xx.o
    0x080020a2   0x080020a2   0x00000002   PAD
    0x080020a4   0x080020a4   0x0000000c   Code   RO          109    .text.TIM1_UP_TIM10_IRQHandler  stm32f4xx_it.o
    0x080020b0   0x080020b0   0x0000014c   Code   RO          529    .text.TIM_Base_SetConfig  stm32f4xx_hal_tim.o
    0x080021fc   0x080021fc   0x0000000c   Code   RO          926    .text.UART_DMAAbortOnError  stm32f4xx_hal_uart.o
    0x08002208   0x08002208   0x000000fe   Code   RO          924    .text.UART_Receive_IT  stm32f4xx_hal_uart.o
    0x08002306   0x08002306   0x00000002   PAD
    0x08002308   0x08002308   0x000000ee   Code   RO          848    .text.UART_SetConfig  stm32f4xx_hal_uart.o
    0x080023f6   0x080023f6   0x00000002   PAD
    0x080023f8   0x080023f8   0x0000000c   Code   RO          111    .text.USART1_IRQHandler  stm32f4xx_it.o
    0x08002404   0x08002404   0x00000002   Code   RO          105    .text.UsageFault_Handler  stm32f4xx_it.o
    0x08002406   0x08002406   0x00000002   PAD
    0x08002408   0x08002408   0x00000020   Code   RO           84    .text.fputc         usart.o
    0x08002428   0x08002428   0x00000032   Code   RO           11    .text.main          main.o
    0x0800245a   0x0800245a   0x00000002   PAD
    0x0800245c   0x0800245c   0x00000020   Code   RO         1388    .text.osDelay       cmsis_os2.o
    0x0800247c   0x0800247c   0x00000028   Code   RO         1406    .text.osEventFlagsNew  cmsis_os2.o
    0x080024a4   0x080024a4   0x00000028   Code   RO         1330    .text.osKernelInitialize  cmsis_os2.o
    0x080024cc   0x080024cc   0x0000003c   Code   RO         1336    .text.osKernelStart  cmsis_os2.o
    0x08002508   0x08002508   0x0000009c   Code   RO         1352    .text.osThreadNew   cmsis_os2.o
    0x080025a4   0x080025a4   0x0000028a   Code   RO         1163    .text.prvAddNewTaskToReadyList  tasks.o
    0x0800282e   0x0800282e   0x00000002   PAD
    0x08002830   0x08002830   0x00000086   Code   RO         1195    .text.prvIdleTask   tasks.o
    0x080028b6   0x080028b6   0x00000002   PAD
    0x080028b8   0x080028b8   0x00000128   Code   RO         1161    .text.prvInitialiseNewTask  tasks.o
    0x080029e0   0x080029e0   0x00000028   Code   RO         1525    .text.prvPortStartFirstTask  port.o
    0x08002a08   0x08002a08   0x0000003e   Code   RO         1515    .text.prvTaskExitError  port.o
    0x08002a46   0x08002a46   0x00000002   PAD
    0x08002a48   0x08002a48   0x0000038a   Code   RO         1280    .text.prvTimerTask  timers.o
    0x08002dd2   0x08002dd2   0x00000002   PAD
    0x08002dd4   0x08002dd4   0x00000074   Code   RO         1062    .text.prvUnlockQueue  queue.o
    0x08002e48   0x08002e48   0x000001f4   Code   RO         1491    .text.pvPortMalloc  heap_4.o
    0x0800303c   0x0800303c   0x00000024   Code   RO         1513    .text.pxPortInitialiseStack  port.o
    0x08003060   0x08003060   0x00000024   Code   RO         1026    .text.uxListRemove  list.o
    0x08003084   0x08003084   0x0000001a   Code   RO         1474    .text.vApplicationGetIdleTaskMemory  cmsis_os2.o
    0x0800309e   0x0800309e   0x00000002   PAD
    0x080030a0   0x080030a0   0x0000001c   Code   RO         1476    .text.vApplicationGetTimerTaskMemory  cmsis_os2.o
    0x080030bc   0x080030bc   0x00000016   Code   RO         1018    .text.vListInitialise  list.o
    0x080030d2   0x080030d2   0x00000002   PAD
    0x080030d4   0x080030d4   0x00000006   Code   RO         1020    .text.vListInitialiseItem  list.o
    0x080030da   0x080030da   0x00000002   PAD
    0x080030dc   0x080030dc   0x00000062   Code   RO         1024    .text.vListInsert   list.o
    0x0800313e   0x0800313e   0x00000002   PAD
    0x08003140   0x08003140   0x0000001c   Code   RO         1022    .text.vListInsertEnd  list.o
    0x0800315c   0x0800315c   0x00000014   Code   RO         1523    .text.vPortEnableVFP  port.o
    0x08003170   0x08003170   0x00000046   Code   RO         1529    .text.vPortEnterCritical  port.o
    0x080031b6   0x080031b6   0x00000002   PAD
    0x080031b8   0x080031b8   0x0000002e   Code   RO         1531    .text.vPortExitCritical  port.o
    0x080031e6   0x080031e6   0x00000002   PAD
    0x080031e8   0x080031e8   0x000000d4   Code   RO         1493    .text.vPortFree     heap_4.o
    0x080032bc   0x080032bc   0x00000034   Code   RO         1521    .text.vPortSetupTimerInterrupt  port.o
    0x080032f0   0x080032f0   0x000000b0   Code   RO         1096    .text.vQueueAddToRegistry  queue.o
    0x080033a0   0x080033a0   0x00000052   Code   RO         1100    .text.vQueueWaitForMessageRestricted  queue.o
    0x080033f2   0x080033f2   0x00000002   PAD
    0x080033f4   0x080033f4   0x00000080   Code   RO         1175    .text.vTaskDelay    tasks.o
    0x08003474   0x08003474   0x00000012   Code   RO         1225    .text.vTaskInternalSetTimeOutState  tasks.o
    0x08003486   0x08003486   0x00000002   PAD
    0x08003488   0x08003488   0x0000000e   Code   RO         1229    .text.vTaskMissedYield  tasks.o
    0x08003496   0x08003496   0x00000002   PAD
    0x08003498   0x08003498   0x00000074   Code   RO         1213    .text.vTaskPlaceOnEventList  tasks.o
    0x0800350c   0x0800350c   0x0000007a   Code   RO         1217    .text.vTaskPlaceOnEventListRestricted  tasks.o
    0x08003586   0x08003586   0x00000002   PAD
    0x08003588   0x08003588   0x000000f0   Code   RO         1193    .text.vTaskStartScheduler  tasks.o
    0x08003678   0x08003678   0x00000010   Code   RO         1171    .text.vTaskSuspendAll  tasks.o
    0x08003688   0x08003688   0x000000bc   Code   RO         1187    .text.vTaskSwitchContext  tasks.o
    0x08003744   0x08003744   0x0000001c   Code   RO          984    .text.xEventGroupCreate  event_groups.o
    0x08003760   0x08003760   0x0000004e   Code   RO          982    .text.xEventGroupCreateStatic  event_groups.o
    0x080037ae   0x080037ae   0x00000002   PAD
    0x080037b0   0x080037b0   0x00000188   Code   RO         1519    .text.xPortStartScheduler  port.o
    0x08003938   0x08003938   0x0000002e   Code   RO         1535    .text.xPortSysTickHandler  port.o
    0x08003966   0x08003966   0x00000002   PAD
    0x08003968   0x08003968   0x000000de   Code   RO         1038    .text.xQueueGenericCreateStatic  queue.o
    0x08003a46   0x08003a46   0x00000002   PAD
    0x08003a48   0x08003a48   0x000002bc   Code   RO         1052    .text.xQueueGenericSend  queue.o
    0x08003d04   0x08003d04   0x0000023e   Code   RO         1068    .text.xQueueReceive  queue.o
    0x08003f42   0x08003f42   0x00000002   PAD
    0x08003f44   0x08003f44   0x00000096   Code   RO         1227    .text.xTaskCheckForTimeOut  tasks.o
    0x08003fda   0x08003fda   0x00000002   PAD
    0x08003fdc   0x08003fdc   0x00000060   Code   RO         1165    .text.xTaskCreate   tasks.o
    0x0800403c   0x0800403c   0x00000076   Code   RO         1159    .text.xTaskCreateStatic  tasks.o
    0x080040b2   0x080040b2   0x00000002   PAD
    0x080040b4   0x080040b4   0x0000001e   Code   RO         1241    .text.xTaskGetSchedulerState  tasks.o
    0x080040d2   0x080040d2   0x00000002   PAD
    0x080040d4   0x080040d4   0x0000000c   Code   RO         1201    .text.xTaskGetTickCount  tasks.o
    0x080040e0   0x080040e0   0x00000104   Code   RO         1199    .text.xTaskIncrementTick  tasks.o
    0x080041e4   0x080041e4   0x0000008a   Code   RO         1245    .text.xTaskPriorityDisinherit  tasks.o
    0x0800426e   0x0800426e   0x00000002   PAD
    0x08004270   0x08004270   0x00000072   Code   RO         1219    .text.xTaskRemoveFromEventList  tasks.o
    0x080042e2   0x080042e2   0x00000002   PAD
    0x080042e4   0x080042e4   0x000000ee   Code   RO         1173    .text.xTaskResumeAll  tasks.o
    0x080043d2   0x080043d2   0x00000002   PAD
    0x080043d4   0x080043d4   0x000000b4   Code   RO         1278    .text.xTimerCreateTimerTask  timers.o
    0x08004488   0x08004488   0x00000020   Code   RO         1604    i.__0printf$1       mc_w.l(printf1.o)
    0x080044a8   0x080044a8   0x0000000e   Code   RO         1869    i.__scatterload_copy  mc_w.l(handlers.o)
    0x080044b6   0x080044b6   0x00000002   Code   RO         1870    i.__scatterload_null  mc_w.l(handlers.o)
    0x080044b8   0x080044b8   0x0000000e   Code   RO         1871    i.__scatterload_zeroinit  mc_w.l(handlers.o)
    0x080044c6   0x080044c6   0x00000002   PAD
    0x080044c8   0x080044c8   0x00000154   Code   RO         1611    i._printf_core      mc_w.l(printf1.o)
    0x0800461c   0x0800461c   0x00000010   Data   RO          971    .rodata.AHBPrescTable  system_stm32f4xx.o
    0x0800462c   0x0800462c   0x00000008   Data   RO          972    .rodata.APBPrescTable  system_stm32f4xx.o
    0x08004634   0x08004634   0x00000024   Data   RO           49    .rodata.Receive_attributes  freertos.o
    0x08004658   0x08004658   0x00000010   Data   RO           51    .rodata.Receiving_attributes  freertos.o
    0x08004668   0x08004668   0x00000024   Data   RO           48    .rodata.Send_attributes  freertos.o
    0x0800468c   0x0800468c   0x00000010   Data   RO           50    .rodata.Sending_attributes  freertos.o
    0x0800469c   0x0800469c   0x00000024   Data   RO           47    .rodata.defaultTask_attributes  freertos.o
    0x080046c0   0x080046c0   0x0000002b   Data   RO           46    .rodata.str1.1      freertos.o
    0x080046eb   0x080046eb   0x00000005   Data   RO         1318    .rodata.str1.1      timers.o
    0x080046f0   0x080046f0   0x00000020   Data   RO         1868    Region$$Table       anon$$obj.o


    Execution Region RW_IRAM1 (Exec base: 0x20000000, Load base: 0x08004710, Size: 0x00004e58, Max: 0x0001c000, ABSOLUTE)

    Exec Addr    Load Addr    Size         Type   Attr      Idx    E Section Name        Object

    0x20000000   0x08004710   0x00000004   Data   RW         1834    .data               mc_w.l(stdout.o)
    0x20000004   0x08004714   0x00000008   Data   RW          490    .data..L_MergedGlobals  stm32f4xx_hal.o
    0x2000000c   0x0800471c   0x00000004   Data   RW          970    .data.SystemCoreClock  system_stm32f4xx.o
    0x20000010   0x08004720   0x00000004   Data   RW         1539    .data.uxCriticalNesting  port.o
    0x20000014   0x08004724   0x00000004   PAD
    0x20000018        -       0x00000014   Zero   RW           52    .bss..L_MergedGlobals  freertos.o
    0x2000002c        -       0x00000078   Zero   RW         1268    .bss..L_MergedGlobals  tasks.o
    0x200000a4        -       0x0000003c   Zero   RW         1319    .bss..L_MergedGlobals  timers.o
    0x200000e0        -       0x00000020   Zero   RW         1504    .bss..L_MergedGlobals  heap_4.o
    0x20000100        -       0x00000008   Zero   RW         1540    .bss..L_MergedGlobals  port.o
    0x20000108        -       0x00000028   Zero   RW         1269    .bss..L_MergedGlobals.2  tasks.o
    0x20000130        -       0x00000004   Zero   RW         1478    .bss.KernelState    cmsis_os2.o
    0x20000134        -       0x00000048   Zero   RW          135    .bss.htim1          stm32f4xx_hal_timebase_tim.o
    0x2000017c        -       0x00000048   Zero   RW           69    .bss.htim2          tim.o
    0x200001c4        -       0x00000048   Zero   RW           88    .bss.huart1         usart.o
    0x2000020c        -       0x000000a0   Zero   RW         1317    .bss.prvCheckForValidListAndQueue.ucStaticTimerQueueStorage  timers.o
    0x200002ac        -       0x00000050   Zero   RW         1316    .bss.prvCheckForValidListAndQueue.xStaticTimerQueue  timers.o
    0x200002fc        -       0x00000460   Zero   RW         1267    .bss.pxReadyTasksLists  tasks.o
    0x2000075c        -       0x00003c00   Zero   RW         1503    .bss.ucHeap         heap_4.o
    0x2000435c        -       0x00000004   Zero   RW          489    .bss.uwTick         stm32f4xx_hal.o
    0x20004360        -       0x00000200   Zero   RW         1480    .bss.vApplicationGetIdleTaskMemory.Idle_Stack  cmsis_os2.o
    0x20004560        -       0x0000005c   Zero   RW         1479    .bss.vApplicationGetIdleTaskMemory.Idle_TCB  cmsis_os2.o
    0x200045bc        -       0x00000400   Zero   RW         1482    .bss.vApplicationGetTimerTaskMemory.Timer_Stack  cmsis_os2.o
    0x200049bc        -       0x0000005c   Zero   RW         1481    .bss.vApplicationGetTimerTaskMemory.Timer_TCB  cmsis_os2.o
    0x20004a18        -       0x00000040   Zero   RW         1102    .bss.xQueueRegistry  queue.o
    0x20004a58        -       0x00000400   Zero   RW            1    STACK               startup_stm32f407xx.o


    Execution Region RW_IRAM2 (Exec base: 0x2001c000, Load base: 0x08004728, Size: 0x00000000, Max: 0x00004000, ABSOLUTE)

    **** No section assigned to this execution region ****


==============================================================================

Image component sizes


      Code (inc. data)   RO Data    RW Data    ZI Data      Debug   Object Name

       412          0          0          0       1724      42590   cmsis_os2.o
       106          0          0          0          0      11050   event_groups.o
       312         60        183          0         20       4210   freertos.o
       138          0          0          0          0       2328   gpio.o
       712          0          0          0      15392       5681   heap_4.o
       190          0          0          0          0       2292   list.o
       238          0          0          0          0       6528   main.o
       900         16          0          4          8       4319   port.o
      1870          0          0          0         64      29101   queue.o
        36          8        392          0       1024        812   startup_stm32f407xx.o
        92          0          0          8          4       7272   stm32f4xx_hal.o
       152          0          0          0          0      10530   stm32f4xx_hal_cortex.o
       178          0          0          0          0      10703   stm32f4xx_hal_dma.o
       424          0          0          0          0       5300   stm32f4xx_hal_gpio.o
        66          0          0          0          0       3503   stm32f4xx_hal_msp.o
      1546          0          0          0          0       7416   stm32f4xx_hal_rcc.o
      1860          6          0          0          0      55541   stm32f4xx_hal_tim.o
       190          0          0          0          0      20991   stm32f4xx_hal_tim_ex.o
       176          0          0          0         72       7129   stm32f4xx_hal_timebase_tim.o
      2376          0          0          0          0      32071   stm32f4xx_hal_uart.o
        36          0          0          0          0       5425   stm32f4xx_it.o
        18          0         24          4          0       2616   system_stm32f4xx.o
      3078          8          0          0       1280      42532   tasks.o
       242          0          0          0         72       6601   tim.o
      1086         20          5          0        300      16394   timers.o
       216          0          0          0         72       7690   usart.o

    ----------------------------------------------------------------------
     16808        130        636         16      20036     350625   Object Totals
         0          0         32          0          0          0   (incl. Generated)
       158         12          0          0          4          0   (incl. Padding)

    ----------------------------------------------------------------------

      Code (inc. data)   RO Data    RW Data    ZI Data      Debug   Library Member Name

         0          0          0          0          0          0   entry.o
         0          0          0          0          0          0   entry10a.o
         0          0          0          0          0          0   entry11a.o
         8          4          0          0          0          0   entry2.o
         4          0          0          0          0          0   entry5.o
         0          0          0          0          0          0   entry7b.o
         0          0          0          0          0          0   entry8b.o
         8          4          0          0          0          0   entry9a.o
        30          0          0          0          0          0   handlers.o
        48         10          0          0          0         68   init.o
        30          0          0          0          0         68   llshl.o
        32          0          0          0          0         68   llushr.o
        36          0          0          0          0         68   memcpya.o
        36          0          0          0          0        108   memseta.o
       372         14          0          0          0        184   printf1.o
         0          0          0          4          0          0   stdout.o
        44          0          0          0          0         80   uidiv.o
        98          0          0          0          0         92   uldiv.o

    ----------------------------------------------------------------------
       748         32          0          4          0        736   Library Totals
         2          0          0          0          0          0   (incl. Padding)

    ----------------------------------------------------------------------

      Code (inc. data)   RO Data    RW Data    ZI Data      Debug   Library Name

       746         32          0          4          0        736   mc_w.l

    ----------------------------------------------------------------------
       748         32          0          4          0        736   Library Totals

    ----------------------------------------------------------------------

==============================================================================


      Code (inc. data)   RO Data    RW Data    ZI Data      Debug   

     17556        162        636         20      20036     350773   Grand Totals
     17556        162        636         20      20036     350773   ELF Image Totals
     17556        162        636         20          0          0   ROM Totals

==============================================================================

    Total RO  Size (Code + RO Data)                18192 (  17.77kB)
    Total RW  Size (RW Data + ZI Data)             20056 (  19.59kB)
    Total ROM Size (Code + RO Data + RW Data)      18212 (  17.79kB)

==============================================================================

